Archive member included to satisfy reference by file (symbol)

F:/STM32CubeIDE_1.13.2/STM32CubeIDE/plugins/com.st.stm32cube.ide.mcu.externaltools.gnu-tools-for-stm32.11.3.rel1.win32_1.1.1.202309131626/tools/bin/../lib/gcc/arm-none-eabi/11.3.1/../../../../arm-none-eabi/lib/thumb/v7e-m+fp/hard\libc_nano.a(libc_a-exit.o)
                              F:/STM32CubeIDE_1.13.2/STM32CubeIDE/plugins/com.st.stm32cube.ide.mcu.externaltools.gnu-tools-for-stm32.11.3.rel1.win32_1.1.1.202309131626/tools/bin/../lib/gcc/arm-none-eabi/11.3.1/../../../../arm-none-eabi/lib/thumb/v7e-m+fp/hard/crt0.o (exit)
F:/STM32CubeIDE_1.13.2/STM32CubeIDE/plugins/com.st.stm32cube.ide.mcu.externaltools.gnu-tools-for-stm32.11.3.rel1.win32_1.1.1.202309131626/tools/bin/../lib/gcc/arm-none-eabi/11.3.1/../../../../arm-none-eabi/lib/thumb/v7e-m+fp/hard\libc_nano.a(libc_a-findfp.o)
                              F:/STM32CubeIDE_1.13.2/STM32CubeIDE/plugins/com.st.stm32cube.ide.mcu.externaltools.gnu-tools-for-stm32.11.3.rel1.win32_1.1.1.202309131626/tools/bin/../lib/gcc/arm-none-eabi/11.3.1/../../../../arm-none-eabi/lib/thumb/v7e-m+fp/hard\libc_nano.a(libc_a-exit.o) (__stdio_exit_handler)
F:/STM32CubeIDE_1.13.2/STM32CubeIDE/plugins/com.st.stm32cube.ide.mcu.externaltools.gnu-tools-for-stm32.11.3.rel1.win32_1.1.1.202309131626/tools/bin/../lib/gcc/arm-none-eabi/11.3.1/../../../../arm-none-eabi/lib/thumb/v7e-m+fp/hard\libc_nano.a(libc_a-fwalk.o)
                              F:/STM32CubeIDE_1.13.2/STM32CubeIDE/plugins/com.st.stm32cube.ide.mcu.externaltools.gnu-tools-for-stm32.11.3.rel1.win32_1.1.1.202309131626/tools/bin/../lib/gcc/arm-none-eabi/11.3.1/../../../../arm-none-eabi/lib/thumb/v7e-m+fp/hard\libc_nano.a(libc_a-findfp.o) (_fwalk_sglue)
F:/STM32CubeIDE_1.13.2/STM32CubeIDE/plugins/com.st.stm32cube.ide.mcu.externaltools.gnu-tools-for-stm32.11.3.rel1.win32_1.1.1.202309131626/tools/bin/../lib/gcc/arm-none-eabi/11.3.1/../../../../arm-none-eabi/lib/thumb/v7e-m+fp/hard\libc_nano.a(libc_a-stdio.o)
                              F:/STM32CubeIDE_1.13.2/STM32CubeIDE/plugins/com.st.stm32cube.ide.mcu.externaltools.gnu-tools-for-stm32.11.3.rel1.win32_1.1.1.202309131626/tools/bin/../lib/gcc/arm-none-eabi/11.3.1/../../../../arm-none-eabi/lib/thumb/v7e-m+fp/hard\libc_nano.a(libc_a-findfp.o) (__sread)
F:/STM32CubeIDE_1.13.2/STM32CubeIDE/plugins/com.st.stm32cube.ide.mcu.externaltools.gnu-tools-for-stm32.11.3.rel1.win32_1.1.1.202309131626/tools/bin/../lib/gcc/arm-none-eabi/11.3.1/../../../../arm-none-eabi/lib/thumb/v7e-m+fp/hard\libc_nano.a(libc_a-memset.o)
                              F:/STM32CubeIDE_1.13.2/STM32CubeIDE/plugins/com.st.stm32cube.ide.mcu.externaltools.gnu-tools-for-stm32.11.3.rel1.win32_1.1.1.202309131626/tools/bin/../lib/gcc/arm-none-eabi/11.3.1/../../../../arm-none-eabi/lib/thumb/v7e-m+fp/hard/crt0.o (memset)
F:/STM32CubeIDE_1.13.2/STM32CubeIDE/plugins/com.st.stm32cube.ide.mcu.externaltools.gnu-tools-for-stm32.11.3.rel1.win32_1.1.1.202309131626/tools/bin/../lib/gcc/arm-none-eabi/11.3.1/../../../../arm-none-eabi/lib/thumb/v7e-m+fp/hard\libc_nano.a(libc_a-closer.o)
                              F:/STM32CubeIDE_1.13.2/STM32CubeIDE/plugins/com.st.stm32cube.ide.mcu.externaltools.gnu-tools-for-stm32.11.3.rel1.win32_1.1.1.202309131626/tools/bin/../lib/gcc/arm-none-eabi/11.3.1/../../../../arm-none-eabi/lib/thumb/v7e-m+fp/hard\libc_nano.a(libc_a-stdio.o) (_close_r)
F:/STM32CubeIDE_1.13.2/STM32CubeIDE/plugins/com.st.stm32cube.ide.mcu.externaltools.gnu-tools-for-stm32.11.3.rel1.win32_1.1.1.202309131626/tools/bin/../lib/gcc/arm-none-eabi/11.3.1/../../../../arm-none-eabi/lib/thumb/v7e-m+fp/hard\libc_nano.a(libc_a-reent.o)
                              F:/STM32CubeIDE_1.13.2/STM32CubeIDE/plugins/com.st.stm32cube.ide.mcu.externaltools.gnu-tools-for-stm32.11.3.rel1.win32_1.1.1.202309131626/tools/bin/../lib/gcc/arm-none-eabi/11.3.1/../../../../arm-none-eabi/lib/thumb/v7e-m+fp/hard\libc_nano.a(libc_a-closer.o) (errno)
F:/STM32CubeIDE_1.13.2/STM32CubeIDE/plugins/com.st.stm32cube.ide.mcu.externaltools.gnu-tools-for-stm32.11.3.rel1.win32_1.1.1.202309131626/tools/bin/../lib/gcc/arm-none-eabi/11.3.1/../../../../arm-none-eabi/lib/thumb/v7e-m+fp/hard\libc_nano.a(libc_a-impure.o)
                              F:/STM32CubeIDE_1.13.2/STM32CubeIDE/plugins/com.st.stm32cube.ide.mcu.externaltools.gnu-tools-for-stm32.11.3.rel1.win32_1.1.1.202309131626/tools/bin/../lib/gcc/arm-none-eabi/11.3.1/../../../../arm-none-eabi/lib/thumb/v7e-m+fp/hard\libc_nano.a(libc_a-reent.o) (_impure_ptr)
F:/STM32CubeIDE_1.13.2/STM32CubeIDE/plugins/com.st.stm32cube.ide.mcu.externaltools.gnu-tools-for-stm32.11.3.rel1.win32_1.1.1.202309131626/tools/bin/../lib/gcc/arm-none-eabi/11.3.1/../../../../arm-none-eabi/lib/thumb/v7e-m+fp/hard\libc_nano.a(libc_a-lseekr.o)
[...]
Memory Configuration

Name             Origin             Length             Attributes
RAM              0x0000000020000000 0x0000000000010000 xrw
FLASH            0x0000000008000000 0x0000000000040000 xr
*default*        0x0000000000000000 0xffffffffffffffff

Linker script and memory map

LOAD F:/STM32CubeIDE_1.13.2/STM32CubeIDE/plugins/com.st.stm32cube.ide.mcu.externaltools.gnu-tools-for-stm32.11.3.rel1.win32_1.1.1.202309131626/tools/bin/../lib/gcc/arm-none-eabi/11.3.1/thumb/v7e-m+fp/hard/crti.o
LOAD F:/STM32CubeIDE_1.13.2/STM32CubeIDE/plugins/com.st.stm32cube.ide.mcu.externaltools.gnu-tools-for-stm32.11.3.rel1.win32_1.1.1.202309131626/tools/bin/../lib/gcc/arm-none-eabi/11.3.1/thumb/v7e-m+fp/hard/crtbegin.o
LOAD F:/STM32CubeIDE_1.13.2/STM32CubeIDE/plugins/com.st.stm32cube.ide.mcu.externaltools.gnu-tools-for-stm32.11.3.rel1.win32_1.1.1.202309131626/tools/bin/../lib/gcc/arm-none-eabi/11.3.1/../../../../arm-none-eabi/lib/thumb/v7e-m+fp/hard/crt0.o
LOAD ./Src/HAL/LED/LED_program.o
LOAD ./Src/HAL/PushB/PushB_program.o
LOAD ./Src/MCAL/MEXTI/MEXTI_program.o
LOAD ./Src/MCAL/MFMI/MFMI_program.o
LOAD ./Src/MCAL/MGPIO/MGPIO_program.o
LOAD ./Src/MCAL/MNVIC/MNVIC_Program.o
LOAD ./Src/MCAL/MRCC/MRCC_program.o
LOAD ./Src/MCAL/MSTK/MSYSTICK_Program.o
LOAD ./Src/MCAL/MUSART/MUSART_Program.o
LOAD ./Src/main.o
LOAD ./Src/syscalls.o
LOAD ./Src/sysmem.o
LOAD ./Startup/startup_stm32f401rctx.o
START GROUP
LOAD F:/STM32CubeIDE_1.13.2/STM32CubeIDE/plugins/com.st.stm32cube.ide.mcu.externaltools.gnu-tools-for-stm32.11.3.rel1.win32_1.1.1.202309131626/tools/bin/../lib/gcc/arm-none-eabi/11.3.1/../../../../arm-none-eabi/lib/thumb/v7e-m+fp/hard\libc_nano.a
LOAD F:/STM32CubeIDE_1.13.2/STM32CubeIDE/plugins/com.st.stm32cube.ide.mcu.externaltools.gnu-tools-for-stm32.11.3.rel1.win32_1.1.1.202309131626/tools/bin/../lib/gcc/arm-none-eabi/11.3.1/../../../../arm-none-eabi/lib/thumb/v7e-m+fp/hard\libm.a
END GROUP
START GROUP
LOAD F:/STM32CubeIDE_1.13.2/STM32CubeIDE/plugins/com.st.stm32cube.ide.mcu.externaltools.gnu-tools-for-stm32.11.3.rel1.win32_1.1.1.202309131626/tools/bin/../lib/gcc/arm-none-eabi/11.3.1/thumb/v7e-m+fp/hard\libgcc.a
LOAD F:/STM32CubeIDE_1.13.2/STM32CubeIDE/plugins/com.st.stm32cube.ide.mcu.externaltools.gnu-tools-for-stm32.11.3.rel1.win32_1.1.1.202309131626/tools/bin/../lib/gcc/arm-none-eabi/11.3.1/../../../../arm-none-eabi/lib/thumb/v7e-m+fp/hard\libc_nano.a
END GROUP
START GROUP
LOAD F:/STM32CubeIDE_1.13.2/STM32CubeIDE/plugins/com.st.stm32cube.ide.mcu.externaltools.gnu-tools-for-stm32.11.3.rel1.win32_1.1.1.202309131626/tools/bin/../lib/gcc/arm-none-eabi/11.3.1/thumb/v7e-m+fp/hard\libgcc.a
LOAD F:/STM32CubeIDE_1.13.2/STM32CubeIDE/plugins/com.st.stm32cube.ide.mcu.externaltools.gnu-tools-for-stm32.11.3.rel1.win32_1.1.1.202309131626/tools/bin/../lib/gcc/arm-none-eabi/11.3.1/../../../../arm-none-eabi/lib/thumb/v7e-m+fp/hard\libc_nano.a
LOAD F:/STM32CubeIDE_1.13.2/STM32CubeIDE/plugins/com.st.stm32cube.ide.mcu.externaltools.gnu-tools-for-stm32.11.3.rel1.win32_1.1.1.202309131626/tools/bin/../lib/gcc/arm-none-eabi/11.3.1/../../../../arm-none-eabi/lib/thumb/v7e-m+fp/hard\libnosys.a
END GROUP
START GROUP
LOAD F:/STM32CubeIDE_1.13.2/STM32CubeIDE/plugins/com.st.stm32cube.ide.mcu.externaltools.gnu-tools-for-stm32.11.3.rel1.win32_1.1.1.202309131626/tools/bin/../lib/gcc/arm-none-eabi/11.3.1/thumb/v7e-m+fp/hard\libgcc.a
LOAD F:/STM32CubeIDE_1.13.2/STM32CubeIDE/plugins/com.st.stm32cube.ide.mcu.externaltools.gnu-tools-for-stm32.11.3.rel1.win32_1.1.1.202309131626/tools/bin/../lib/gcc/arm-none-eabi/11.3.1/../../../../arm-none-eabi/lib/thumb/v7e-m+fp/hard\libc_nano.a
LOAD F:/STM32CubeIDE_1.13.2/STM32CubeIDE/plugins/com.st.stm32cube.ide.mcu.externaltools.gnu-tools-for-stm32.11.3.rel1.win32_1.1.1.202309131626/tools/bin/../lib/gcc/arm-none-eabi/11.3.1/../../../../arm-none-eabi/lib/thumb/v7e-m+fp/hard\libnosys.a
END GROUP
LOAD F:/STM32CubeIDE_1.13.2/STM32CubeIDE/plugins/com.st.stm32cube.ide.mcu.externaltools.gnu-tools-for-stm32.11.3.rel1.win32_1.1.1.202309131626/tools/bin/../lib/gcc/arm-none-eabi/11.3.1/thumb/v7e-m+fp/hard/crtend.o
LOAD F:/STM32CubeIDE_1.13.2/STM32CubeIDE/plugins/com.st.stm32cube.ide.mcu.externaltools.gnu-tools-for-stm32.11.3.rel1.win32_1.1.1.202309131626/tools/bin/../lib/gcc/arm-none-eabi/11.3.1/thumb/v7e-m+fp/hard/crtn.o
                0x0000000020010000                _estack = (ORIGIN (RAM) + LENGTH (RAM))
                0x0000000000000200                _Min_Heap_Size = 0x200
                0x0000000000000400                _Min_Stack_Size = 0x400

.isr_vector     0x0000000008000000      0x194
                0x0000000008000000                . = ALIGN (0x4)
 *(.isr_vector)
 .isr_vector    0x0000000008000000      0x194 ./Startup/startup_stm32f401rctx.o
                0x0000000008000000                g_pfnVectors
                0x0000000008000194                . = ALIGN (0x4)

.text           0x0000000008000194      0xeac
                0x0000000008000194                . = ALIGN (0x4)
 *(.text)
 .text          0x0000000008000194       0x40 F:/STM32CubeIDE_1.13.2/STM32CubeIDE/plugins/com.st.stm32cube.ide.mcu.externaltools.gnu-tools-for-stm32.11.3.rel1.win32_1.1.1.202309131626/tools/bin/../lib/gcc/arm-none-eabi/11.3.1/thumb/v7e-m+fp/hard/crtbegin.o
 *(.text*)
 .text.LED_Init
                0x00000000080001d4       0x24 ./Src/HAL/LED/LED_program.o
                0x00000000080001d4                LED_Init
 .text.LED_Off  0x00000000080001f8       0x24 ./Src/HAL/LED/LED_program.o
                0x00000000080001f8                LED_Off
 .text.Led_Toggle
                0x000000000800021c       0x24 ./Src/HAL/LED/LED_program.o
                0x000000000800021c                Led_Toggle
 .text.EXTI0_IRQHandler
                0x0000000008000240       0x24 ./Src/MCAL/MEXTI/MEXTI_program.o
                0x0000000008000240                EXTI0_IRQHandler
 .text.EXTI1_IRQHandler
                0x0000000008000264       0x24 ./Src/MCAL/MEXTI/MEXTI_program.o
                0x0000000008000264                EXTI1_IRQHandler
 .text.EXTI2_IRQHandler
                0x0000000008000288       0x24 ./Src/MCAL/MEXTI/MEXTI_program.o
                0x0000000008000288                EXTI2_IRQHandler
 .text.EXTI3_IRQHandler
                0x00000000080002ac       0x24 ./Src/MCAL/MEXTI/MEXTI_program.o
                0x00000000080002ac                EXTI3_IRQHandler
 .text.EXTI4_IRQHandler
                0x00000000080002d0       0x24 ./Src/MCAL/MEXTI/MEXTI_program.o
                0x00000000080002d0                EXTI4_IRQHandler
 .text.MGPIO_voidSetPinMode
                0x00000000080002f4       0xf0 ./Src/MCAL/MGPIO/MGPIO_program.o
                0x00000000080002f4                MGPIO_voidSetPinMode
 .text.MGPIO_voidWriteData
                0x00000000080003e4      0x1a4 ./Src/MCAL/MGPIO/MGPIO_program.o
                0x00000000080003e4                MGPIO_voidWriteData
 .text.MGPIO_voidToggleData
                0x0000000008000588       0xe0 ./Src/MCAL/MGPIO/MGPIO_program.o
                0x0000000008000588                MGPIO_voidToggleData
 .text.MGPIO_voidSetPinAltFn
                0x0000000008000668      0x1c8 ./Src/MCAL/MGPIO/MGPIO_program.o
                0x0000000008000668                MGPIO_voidSetPinAltFn
 .text.MRCC_voidEnablePeripheralClock
                0x0000000008000830       0xa4 ./Src/MCAL/MRCC/MRCC_program.o
                0x0000000008000830                MRCC_voidEnablePeripheralClock
 .text.MRCC_voidInitSystemClk
                0x00000000080008d4       0x38 ./Src/MCAL/MRCC/MRCC_program.o
                0x00000000080008d4                MRCC_voidInitSystemClk
 .text.MSTK_voidInit
                0x000000000800090c       0x20 ./Src/MCAL/MSTK/MSYSTICK_Program.o
                0x000000000800090c                MSTK_voidInit
 .text.SysTick_Handler
                0x000000000800092c       0x68 ./Src/MCAL/MSTK/MSYSTICK_Program.o
                0x000000000800092c                SysTick_Handler
 .text.MUSART_voidInit
                0x0000000008000994      0x158 ./Src/MCAL/MUSART/MUSART_Program.o
                0x0000000008000994                MUSART_voidInit
 .text.MUSART_voidEnable
                0x0000000008000aec       0x5c ./Src/MCAL/MUSART/MUSART_Program.o
                0x0000000008000aec                MUSART_voidEnable
 .text.MUSART_u8Send_Byte
                0x0000000008000b48       0x46 ./Src/MCAL/MUSART/MUSART_Program.o
                0x0000000008000b48                MUSART_u8Send_Byte
 .text.MUSART_u8Send_Data
                0x0000000008000b8e       0x40 ./Src/MCAL/MUSART/MUSART_Program.o
                0x0000000008000b8e                MUSART_u8Send_Data
 .text.MUSART_u8Receive_Byte
                0x0000000008000bce       0x42 ./Src/MCAL/MUSART/MUSART_Program.o
                0x0000000008000bce                MUSART_u8Receive_Byte
 .text.MUSART_SetUSART
                0x0000000008000c10       0x50 ./Src/MCAL/MUSART/MUSART_Program.o
 .text.USART1_IRQHandler
                0x0000000008000c60       0x1c ./Src/MCAL/MUSART/MUSART_Program.o
                0x0000000008000c60                USART1_IRQHandler
 .text.USART2_IRQHandler
                0x0000000008000c7c       0x1c ./Src/MCAL/MUSART/MUSART_Program.o
                0x0000000008000c7c                USART2_IRQHandler
 .text.USART6_IRQHandler
                0x0000000008000c98       0x1c ./Src/MCAL/MUSART/MUSART_Program.o
                0x0000000008000c98                USART6_IRQHandler
 .text.main     0x0000000008000cb4      0x2b0 ./Src/main.o
                0x0000000008000cb4                main
 .text.Reset_Flags
                0x0000000008000f64       0x28 ./Src/main.o
                0x0000000008000f64                Reset_Flags
 .text.Reset_Handler
                0x0000000008000f8c       0x50 ./Startup/startup_stm32f401rctx.o
                0x0000000008000f8c                Reset_Handler
 .text.Default_Handler
                0x0000000008000fdc        0x2 ./Startup/startup_stm32f401rctx.o
                0x0000000008000fdc                DebugMon_Handler
                0x0000000008000fdc                SPI4_IRQHandler
                0x0000000008000fdc                TIM1_CC_IRQHandler
                0x0000000008000fdc                DMA2_Stream5_IRQHandler
                0x0000000008000fdc                HardFault_Handler
                0x0000000008000fdc                DMA1_Stream5_IRQHandler
                0x0000000008000fdc                SDIO_IRQHandler
                0x0000000008000fdc                TAMP_STAMP_IRQHandler
                0x0000000008000fdc                PendSV_Handler
                0x0000000008000fdc                NMI_Handler
                0x0000000008000fdc                TIM1_UP_TIM10_IRQHandler
                0x0000000008000fdc                I2C3_ER_IRQHandler
                0x0000000008000fdc                EXTI18_OTG_FS_WKUP_IRQHandler
                0x0000000008000fdc                I2C2_EV_IRQHandler
                0x0000000008000fdc                DMA1_Stream2_IRQHandler
                0x0000000008000fdc                UsageFault_Handler
                0x0000000008000fdc                DMA2_Stream2_IRQHandler
                0x0000000008000fdc                SPI1_IRQHandler
                0x0000000008000fdc                TIM1_BRK_TIM9_IRQHandler
                0x0000000008000fdc                DMA2_Stream3_IRQHandler
                0x0000000008000fdc                DMA2_Stream0_IRQHandler
                0x0000000008000fdc                TIM4_IRQHandler
                0x0000000008000fdc                I2C1_EV_IRQHandler
                0x0000000008000fdc                DMA1_Stream6_IRQHandler
                0x0000000008000fdc                DMA1_Stream1_IRQHandler
                0x0000000008000fdc                TIM3_IRQHandler
                0x0000000008000fdc                RCC_IRQHandler
                0x0000000008000fdc                Default_Handler
                0x0000000008000fdc                EXTI15_10_IRQHandler
                0x0000000008000fdc                ADC_IRQHandler
                0x0000000008000fdc                DMA1_Stream7_IRQHandler
                0x0000000008000fdc                TIM5_IRQHandler
                0x0000000008000fdc                DMA2_Stream7_IRQHandler
                0x0000000008000fdc                I2C3_EV_IRQHandler
                0x0000000008000fdc                EXTI9_5_IRQHandler
                0x0000000008000fdc                SPI2_IRQHandler
                0x0000000008000fdc                MemManage_Handler
                0x0000000008000fdc                DMA1_Stream0_IRQHandler
                0x0000000008000fdc                SVC_Handler
                0x0000000008000fdc                EXTI22_RTC_WKUP_IRQHandler
                0x0000000008000fdc                TIM2_IRQHandler
                0x0000000008000fdc                EXTI16_PVD_IRQHandler
                0x0000000008000fdc                TIM1_TRG_COM_TIM11_IRQHandler
                0x0000000008000fdc                EXTI17_RTC_Alarm_IRQHandler
                0x0000000008000fdc                I2C2_ER_IRQHandler
                0x0000000008000fdc                DMA2_Stream1_IRQHandler
                0x0000000008000fdc                FLASH_IRQHandler
                0x0000000008000fdc                DMA2_Stream4_IRQHandler
                0x0000000008000fdc                BusFault_Handler
                0x0000000008000fdc                OTG_FS_IRQHandler
                0x0000000008000fdc                SPI3_IRQHandler
                0x0000000008000fdc                DMA1_Stream4_IRQHandler
                0x0000000008000fdc                I2C1_ER_IRQHandler
                0x0000000008000fdc                DMA2_Stream6_IRQHandler
                0x0000000008000fdc                DMA1_Stream3_IRQHandler
 *fill*         0x0000000008000fde        0x2 
 .text.__libc_init_array
                0x0000000008000fe0       0x48 F:/STM32CubeIDE_1.13.2/STM32CubeIDE/plugins/com.st.stm32cube.ide.mcu.externaltools.gnu-tools-for-stm32.11.3.rel1.win32_1.1.1.202309131626/tools/bin/../lib/gcc/arm-none-eabi/11.3.1/../../../../arm-none-eabi/lib/thumb/v7e-m+fp/hard\libc_nano.a(libc_a-init.o)
                0x0000000008000fe0                __libc_init_array
 *(.glue_7)
 .glue_7        0x0000000008001028        0x0 linker stubs
 *(.glue_7t)
 .glue_7t       0x0000000008001028        0x0 linker stubs
 *(.eh_frame)
 .eh_frame      0x0000000008001028        0x0 F:/STM32CubeIDE_1.13.2/STM32CubeIDE/plugins/com.st.stm32cube.ide.mcu.externaltools.gnu-tools-for-stm32.11.3.rel1.win32_1.1.1.202309131626/tools/bin/../lib/gcc/arm-none-eabi/11.3.1/thumb/v7e-m+fp/hard/crtbegin.o
 *(.init)
 .init          0x0000000008001028        0x4 F:/STM32CubeIDE_1.13.2/STM32CubeIDE/plugins/com.st.stm32cube.ide.mcu.externaltools.gnu-tools-for-stm32.11.3.rel1.win32_1.1.1.202309131626/tools/bin/../lib/gcc/arm-none-eabi/11.3.1/thumb/v7e-m+fp/hard/crti.o
                0x0000000008001028                _init
 .init          0x000000000800102c        0x8 F:/STM32CubeIDE_1.13.2/STM32CubeIDE/plugins/com.st.stm32cube.ide.mcu.externaltools.gnu-tools-for-stm32.11.3.rel1.win32_1.1.1.202309131626/tools/bin/../lib/gcc/arm-none-eabi/11.3.1/thumb/v7e-m+fp/hard/crtn.o
 *(.fini)
 .fini          0x0000000008001034        0x4 F:/STM32CubeIDE_1.13.2/STM32CubeIDE/plugins/com.st.stm32cube.ide.mcu.externaltools.gnu-tools-for-stm32.11.3.rel1.win32_1.1.1.202309131626/tools/bin/../lib/gcc/arm-none-eabi/11.3.1/thumb/v7e-m+fp/hard/crti.o
                0x0000000008001034                _fini
 .fini          0x0000000008001038        0x8 F:/STM32CubeIDE_1.13.2/STM32CubeIDE/plugins/com.st.stm32cube.ide.mcu.externaltools.gnu-tools-for-stm32.11.3.rel1.win32_1.1.1.202309131626/tools/bin/../lib/gcc/arm-none-eabi/11.3.1/thumb/v7e-m+fp/hard/crtn.o
                0x0000000008001040                . = ALIGN (0x4)
                0x0000000008001040                _etext = .

.vfp11_veneer   0x0000000008001040        0x0
 .vfp11_veneer  0x0000000008001040        0x0 linker stubs

.v4_bx          0x0000000008001040        0x0
 .v4_bx         0x0000000008001040        0x0 linker stubs

.iplt           0x0000000008001040        0x0
 .iplt          0x0000000008001040        0x0 F:/STM32CubeIDE_1.13.2/STM32CubeIDE/plugins/com.st.stm32cube.ide.mcu.externaltools.gnu-tools-for-stm32.11.3.rel1.win32_1.1.1.202309131626/tools/bin/../lib/gcc/arm-none-eabi/11.3.1/thumb/v7e-m+fp/hard/crtbegin.o

.rodata         0x0000000008001040        0xc
                0x0000000008001040                . = ALIGN (0x4)
 *(.rodata)
 .rodata        0x0000000008001040        0x3 ./Src/main.o
 *(.rodata*)
 *fill*         0x0000000008001043        0x1 
 .rodata.Led_3  0x0000000008001044        0x8 ./Src/main.o
                0x000000000800104c                . = ALIGN (0x4)

.rel.dyn        0x000000000800104c        0x0
 .rel.iplt      0x000000000800104c        0x0 F:/STM32CubeIDE_1.13.2/STM32CubeIDE/plugins/com.st.stm32cube.ide.mcu.externaltools.gnu-tools-for-stm32.11.3.rel1.win32_1.1.1.202309131626/tools/bin/../lib/gcc/arm-none-eabi/11.3.1/thumb/v7e-m+fp/hard/crtbegin.o

.ARM.extab      0x000000000800104c        0x0
                0x000000000800104c                . = ALIGN (0x4)
 *(.ARM.extab* .gnu.linkonce.armextab.*)
                0x000000000800104c                . = ALIGN (0x4)

.ARM            0x000000000800104c        0x0
                0x000000000800104c                . = ALIGN (0x4)
                0x000000000800104c                __exidx_start = .
 *(.ARM.exidx*)
                0x000000000800104c                __exidx_end = .
                0x000000000800104c                . = ALIGN (0x4)

.preinit_array  0x000000000800104c        0x0
                0x000000000800104c                . = ALIGN (0x4)
                0x000000000800104c                PROVIDE (__preinit_array_start = .)
 *(.preinit_array*)
                0x000000000800104c                PROVIDE (__preinit_array_end = .)
                0x000000000800104c                . = ALIGN (0x4)

.init_array     0x000000000800104c        0x4
                0x000000000800104c                . = ALIGN (0x4)
                0x000000000800104c                PROVIDE (__init_array_start = .)
 *(SORT_BY_NAME(.init_array.*))
 *(.init_array*)
 .init_array    0x000000000800104c        0x4 F:/STM32CubeIDE_1.13.2/STM32CubeIDE/plugins/com.st.stm32cube.ide.mcu.externaltools.gnu-tools-for-stm32.11.3.rel1.win32_1.1.1.202309131626/tools/bin/../lib/gcc/arm-none-eabi/11.3.1/thumb/v7e-m+fp/hard/crtbegin.o
                0x0000000008001050                PROVIDE (__init_array_end = .)
                0x0000000008001050                . = ALIGN (0x4)

.fini_array     0x0000000008001050        0x4
                0x0000000008001050                . = ALIGN (0x4)
                [!provide]                        PROVIDE (__fini_array_start = .)
 *(SORT_BY_NAME(.fini_array.*))
 *(.fini_array*)
 .fini_array    0x0000000008001050        0x4 F:/STM32CubeIDE_1.13.2/STM32CubeIDE/plugins/com.st.stm32cube.ide.mcu.externaltools.gnu-tools-for-stm32.11.3.rel1.win32_1.1.1.202309131626/tools/bin/../lib/gcc/arm-none-eabi/11.3.1/thumb/v7e-m+fp/hard/crtbegin.o
                [!provide]                        PROVIDE (__fini_array_end = .)
                0x0000000008001054                . = ALIGN (0x4)
                0x0000000008001054                _sidata = LOADADDR (.data)

.data           0x0000000020000000        0x4 load address 0x0000000008001054
                0x0000000020000000                . = ALIGN (0x4)
                0x0000000020000000                _sdata = .
 *(.data)
 *(.data*)
 .data.u8FirstLineReq
                0x0000000020000000        0x1 ./Src/main.o
                0x0000000020000000                u8FirstLineReq
 *(.RamFunc)
 *(.RamFunc*)
                0x0000000020000004                . = ALIGN (0x4)
 *fill*         0x0000000020000001        0x3 
                0x0000000020000004                _edata = .

.igot.plt       0x0000000020000004        0x0 load address 0x0000000008001058
 .igot.plt      0x0000000020000004        0x0 F:/STM32CubeIDE_1.13.2/STM32CubeIDE/plugins/com.st.stm32cube.ide.mcu.externaltools.gnu-tools-for-stm32.11.3.rel1.win32_1.1.1.202309131626/tools/bin/../lib/gcc/arm-none-eabi/11.3.1/thumb/v7e-m+fp/hard/crtbegin.o
                0x0000000020000004                . = ALIGN (0x4)

.bss            0x0000000020000004       0x78 load address 0x0000000008001058
                0x0000000020000004                _sbss = .
                0x0000000020000004                __bss_start__ = _sbss
 *(.bss)
 .bss           0x0000000020000004       0x1c F:/STM32CubeIDE_1.13.2/STM32CubeIDE/plugins/com.st.stm32cube.ide.mcu.externaltools.gnu-tools-for-stm32.11.3.rel1.win32_1.1.1.202309131626/tools/bin/../lib/gcc/arm-none-eabi/11.3.1/thumb/v7e-m+fp/hard/crtbegin.o
 *(.bss*)
 .bss.EXTI0_CallBack
                0x0000000020000020        0x4 ./Src/MCAL/MEXTI/MEXTI_program.o
 .bss.EXTI1_CallBack
                0x0000000020000024        0x4 ./Src/MCAL/MEXTI/MEXTI_program.o
 .bss.EXTI2_CallBack
                0x0000000020000028        0x4 ./Src/MCAL/MEXTI/MEXTI_program.o
 .bss.EXTI3_CallBack
                0x000000002000002c        0x4 ./Src/MCAL/MEXTI/MEXTI_program.o
 .bss.EXTI4_CallBack
                0x0000000020000030        0x4 ./Src/MCAL/MEXTI/MEXTI_program.o
 .bss.MSTK_CallBack
                0x0000000020000034        0x4 ./Src/MCAL/MSTK/MSYSTICK_Program.o
 .bss.MSTK_u8ModeOfInterval
                0x0000000020000038        0x1 ./Src/MCAL/MSTK/MSYSTICK_Program.o
 *fill*         0x0000000020000039        0x3 
 .bss.USART_USART1Function
                0x000000002000003c        0x4 ./Src/MCAL/MUSART/MUSART_Program.o
                0x000000002000003c                USART_USART1Function
 .bss.USART_USART2Function
                0x0000000020000040        0x4 ./Src/MCAL/MUSART/MUSART_Program.o
                0x0000000020000040                USART_USART2Function
 .bss.USART_USART6Function
                0x0000000020000044        0x4 ./Src/MCAL/MUSART/MUSART_Program.o
                0x0000000020000044                USART_USART6Function
 .bss.u8RecBuffer_6
                0x0000000020000048       0x2d ./Src/main.o
                0x0000000020000048                u8RecBuffer_6
 .bss.u8RecCounter_6
                0x0000000020000075        0x1 ./Src/main.o
                0x0000000020000075                u8RecCounter_6
 .bss.USART     0x0000000020000076        0x1 ./Src/main.o
                0x0000000020000076                USART
 .bss.u8RecBuffer_1
                0x0000000020000077        0x1 ./Src/main.o
                0x0000000020000077                u8RecBuffer_1
 .bss.u8RecBuffer_2
                0x0000000020000078        0x1 ./Src/main.o
                0x0000000020000078                u8RecBuffer_2
 *(COMMON)
                0x000000002000007c                . = ALIGN (0x4)
 *fill*         0x0000000020000079        0x3 
                0x000000002000007c                _ebss = .
                0x000000002000007c                __bss_end__ = _ebss

._user_heap_stack
                0x000000002000007c      0x604 load address 0x0000000008001058
                0x0000000020000080                . = ALIGN (0x8)
 *fill*         0x000000002000007c        0x4 
                [!provide]                        PROVIDE (end = .)
                0x0000000020000080                PROVIDE (_end = .)
                0x0000000020000280                . = (. + _Min_Heap_Size)
 *fill*         0x0000000020000080      0x200 
                0x0000000020000680                . = (. + _Min_Stack_Size)
 *fill*         0x0000000020000280      0x400 
                0x0000000020000680                . = ALIGN (0x8)

/DISCARD/
 libc.a(*)
 libm.a(*)
 libgcc.a(*)

.ARM.attributes
                0x0000000000000000       0x30
 *(.ARM.attributes)
 .ARM.attributes
                0x0000000000000000       0x1e F:/STM32CubeIDE_1.13.2/STM32CubeIDE/plugins/com.st.stm32cube.ide.mcu.externaltools.gnu-tools-for-stm32.11.3.rel1.win32_1.1.1.202309131626/tools/bin/../lib/gcc/arm-none-eabi/11.3.1/thumb/v7e-m+fp/hard/crti.o
 .ARM.attributes
                0x000000000000001e       0x34 F:/STM32CubeIDE_1.13.2/STM32CubeIDE/plugins/com.st.stm32cube.ide.mcu.externaltools.gnu-tools-for-stm32.11.3.rel1.win32_1.1.1.202309131626/tools/bin/../lib/gcc/arm-none-eabi/11.3.1/thumb/v7e-m+fp/hard/crtbegin.o
 .ARM.attributes
                0x0000000000000052       0x34 ./Src/HAL/LED/LED_program.o
 .ARM.attributes
                0x0000000000000086       0x34 ./Src/MCAL/MEXTI/MEXTI_program.o
 .ARM.attributes
                0x00000000000000ba       0x34 ./Src/MCAL/MGPIO/MGPIO_program.o
 .ARM.attributes
                0x00000000000000ee       0x34 ./Src/MCAL/MRCC/MRCC_program.o
 .ARM.attributes
                0x0000000000000122       0x34 ./Src/MCAL/MSTK/MSYSTICK_Program.o
 .ARM.attributes
                0x0000000000000156       0x34 ./Src/MCAL/MUSART/MUSART_Program.o
 .ARM.attributes
                0x000000000000018a       0x34 ./Src/main.o
 .ARM.attributes
                0x00000000000001be       0x21 ./Startup/startup_stm32f401rctx.o
 .ARM.attributes
                0x00000000000001df       0x34 F:/STM32CubeIDE_1.13.2/STM32CubeIDE/plugins/com.st.stm32cube.ide.mcu.externaltools.gnu-tools-for-stm32.11.3.rel1.win32_1.1.1.202309131626/tools/bin/../lib/gcc/arm-none-eabi/11.3.1/../../../../arm-none-eabi/lib/thumb/v7e-m+fp/hard\libc_nano.a(libc_a-init.o)
 .ARM.attributes
                0x0000000000000213       0x1e F:/STM32CubeIDE_1.13.2/STM32CubeIDE/plugins/com.st.stm32cube.ide.mcu.externaltools.gnu-tools-for-stm32.11.3.rel1.win32_1.1.1.202309131626/tools/bin/../lib/gcc/arm-none-eabi/11.3.1/thumb/v7e-m+fp/hard/crtn.o
OUTPUT(GATEWAY.elf elf32-littlearm)
LOAD linker stubs
LOAD F:/STM32CubeIDE_1.13.2/STM32CubeIDE/plugins/com.st.stm32cube.ide.mcu.externaltools.gnu-tools-for-stm32.11.3.rel1.win32_1.1.1.202309131626/tools/bin/../lib/gcc/arm-none-eabi/11.3.1/../../../../arm-none-eabi/lib/thumb/v7e-m+fp/hard\libc.a
LOAD F:/STM32CubeIDE_1.13.2/STM32CubeIDE/plugins/com.st.stm32cube.ide.mcu.externaltools.gnu-tools-for-stm32.11.3.rel1.win32_1.1.1.202309131626/tools/bin/../lib/gcc/arm-none-eabi/11.3.1/../../../../arm-none-eabi/lib/thumb/v7e-m+fp/hard\libm.a
LOAD F:/STM32CubeIDE_1.13.2/STM32CubeIDE/plugins/com.st.stm32cube.ide.mcu.externaltools.gnu-tools-for-stm32.11.3.rel1.win32_1.1.1.202309131626/tools/bin/../lib/gcc/arm-none-eabi/11.3.1/thumb/v7e-m+fp/hard\libgcc.a

.comment        0x0000000000000000       0x43
 .comment       0x0000000000000000       0x43 F:/STM32CubeIDE_1.13.2/STM32CubeIDE/plugins/com.st.stm32cube.ide.mcu.externaltools.gnu-tools-for-stm32.11.3.rel1.win32_1.1.1.202309131626/tools/bin/../lib/gcc/arm-none-eabi/11.3.1/thumb/v7e-m+fp/hard/crtbegin.o
                                         0x44 (size before relaxing)
 .comment       0x0000000000000043       0x44 ./Src/HAL/LED/LED_program.o
 .comment       0x0000000000000043       0x44 ./Src/MCAL/MEXTI/MEXTI_program.o
 .comment       0x0000000000000043       0x44 ./Src/MCAL/MGPIO/MGPIO_program.o
 .comment       0x0000000000000043       0x44 ./Src/MCAL/MRCC/MRCC_program.o
 .comment       0x0000000000000043       0x44 ./Src/MCAL/MSTK/MSYSTICK_Program.o
 .comment       0x0000000000000043       0x44 ./Src/MCAL/MUSART/MUSART_Program.o
 .comment       0x0000000000000043       0x44 ./Src/main.o

.debug_info     0x0000000000000000     0x16e2
 .debug_info    0x0000000000000000      0x1ef ./Src/HAL/LED/LED_program.o
 .debug_info    0x00000000000001ef      0x3b0 ./Src/MCAL/MEXTI/MEXTI_program.o
 .debug_info    0x000000000000059f      0x36e ./Src/MCAL/MGPIO/MGPIO_program.o
 .debug_info    0x000000000000090d      0x3a2 ./Src/MCAL/MRCC/MRCC_program.o
 .debug_info    0x0000000000000caf      0x28d ./Src/MCAL/MSTK/MSYSTICK_Program.o
 .debug_info    0x0000000000000f3c      0x483 ./Src/MCAL/MUSART/MUSART_Program.o
 .debug_info    0x00000000000013bf      0x300 ./Src/main.o
 .debug_info    0x00000000000016bf       0x23 ./Startup/startup_stm32f401rctx.o

.debug_abbrev   0x0000000000000000      0x89c
 .debug_abbrev  0x0000000000000000       0xf2 ./Src/HAL/LED/LED_program.o
 .debug_abbrev  0x00000000000000f2      0x132 ./Src/MCAL/MEXTI/MEXTI_program.o
 .debug_abbrev  0x0000000000000224       0xf2 ./Src/MCAL/MGPIO/MGPIO_program.o
 .debug_abbrev  0x0000000000000316      0x110 ./Src/MCAL/MRCC/MRCC_program.o
 .debug_abbrev  0x0000000000000426      0x13d ./Src/MCAL/MSTK/MSYSTICK_Program.o
 .debug_abbrev  0x0000000000000563      0x1d1 ./Src/MCAL/MUSART/MUSART_Program.o
 .debug_abbrev  0x0000000000000734      0x156 ./Src/main.o
 .debug_abbrev  0x000000000000088a       0x12 ./Startup/startup_stm32f401rctx.o

.debug_aranges  0x0000000000000000      0x2d0
 .debug_aranges
                0x0000000000000000       0x40 ./Src/HAL/LED/LED_program.o
 .debug_aranges
                0x0000000000000040       0x90 ./Src/MCAL/MEXTI/MEXTI_program.o
 .debug_aranges
                0x00000000000000d0       0x68 ./Src/MCAL/MGPIO/MGPIO_program.o
 .debug_aranges
                0x0000000000000138       0x48 ./Src/MCAL/MRCC/MRCC_program.o
 .debug_aranges
                0x0000000000000180       0x78 ./Src/MCAL/MSTK/MSYSTICK_Program.o
 .debug_aranges
                0x00000000000001f8       0x88 ./Src/MCAL/MUSART/MUSART_Program.o
 .debug_aranges
                0x0000000000000280       0x28 ./Src/main.o
 .debug_aranges
                0x00000000000002a8       0x28 ./Startup/startup_stm32f401rctx.o

.debug_rnglists
                0x0000000000000000      0x205
 .debug_rnglists
                0x0000000000000000       0x2b ./Src/HAL/LED/LED_program.o
 .debug_rnglists
                0x000000000000002b       0x69 ./Src/MCAL/MEXTI/MEXTI_program.o
 .debug_rnglists
                0x0000000000000094       0x53 ./Src/MCAL/MGPIO/MGPIO_program.o
 .debug_rnglists
                0x00000000000000e7       0x34 ./Src/MCAL/MRCC/MRCC_program.o
 .debug_rnglists
                0x000000000000011b       0x55 ./Src/MCAL/MSTK/MSYSTICK_Program.o
 .debug_rnglists
                0x0000000000000170       0x62 ./Src/MCAL/MUSART/MUSART_Program.o
 .debug_rnglists
                0x00000000000001d2       0x1a ./Src/main.o
 .debug_rnglists
                0x00000000000001ec       0x19 ./Startup/startup_stm32f401rctx.o

.debug_macro    0x0000000000000000     0x1739
 .debug_macro   0x0000000000000000       0x94 ./Src/HAL/LED/LED_program.o
 .debug_macro   0x0000000000000094      0xaae ./Src/HAL/LED/LED_program.o
 .debug_macro   0x0000000000000b42       0x1c ./Src/HAL/LED/LED_program.o
 .debug_macro   0x0000000000000b5e       0x46 ./Src/HAL/LED/LED_program.o
 .debug_macro   0x0000000000000ba4      0x1c0 ./Src/HAL/LED/LED_program.o
 .debug_macro   0x0000000000000d64      0x142 ./Src/HAL/LED/LED_program.o
 .debug_macro   0x0000000000000ea6       0x9a ./Src/HAL/LED/LED_program.o
 .debug_macro   0x0000000000000f40       0x1c ./Src/HAL/LED/LED_program.o
 .debug_macro   0x0000000000000f5c      0x177 ./Src/HAL/LED/LED_program.o
 .debug_macro   0x00000000000010d3       0x3f ./Src/MCAL/MEXTI/MEXTI_program.o
 .debug_macro   0x0000000000001112       0x4c ./Src/MCAL/MEXTI/MEXTI_program.o
 .debug_macro   0x000000000000115e       0x88 ./Src/MCAL/MEXTI/MEXTI_program.o
 .debug_macro   0x00000000000011e6       0x45 ./Src/MCAL/MGPIO/MGPIO_program.o
 .debug_macro   0x000000000000122b       0x44 ./Src/MCAL/MRCC/MRCC_program.o
 .debug_macro   0x000000000000126f       0x3f ./Src/MCAL/MSTK/MSYSTICK_Program.o
 .debug_macro   0x00000000000012ae       0x16 ./Src/MCAL/MSTK/MSYSTICK_Program.o
 .debug_macro   0x00000000000012c4       0x34 ./Src/MCAL/MSTK/MSYSTICK_Program.o
 .debug_macro   0x00000000000012f8       0x3e ./Src/MCAL/MUSART/MUSART_Program.o
 .debug_macro   0x0000000000001336       0x34 ./Src/MCAL/MUSART/MUSART_Program.o
 .debug_macro   0x000000000000136a       0x2e ./Src/MCAL/MUSART/MUSART_Program.o
 .debug_macro   0x0000000000001398      0x124 ./Src/MCAL/MUSART/MUSART_Program.o
 .debug_macro   0x00000000000014bc       0xed ./Src/main.o
 .debug_macro   0x00000000000015a9      0x190 ./Src/main.o

.debug_line     0x0000000000000000     0x1880
 .debug_line    0x0000000000000000      0x290 ./Src/HAL/LED/LED_program.o
 .debug_line    0x0000000000000290      0x2ef ./Src/MCAL/MEXTI/MEXTI_program.o
 .debug_line    0x000000000000057f      0x672 ./Src/MCAL/MGPIO/MGPIO_program.o
 .debug_line    0x0000000000000bf1      0x1ca ./Src/MCAL/MRCC/MRCC_program.o
 .debug_line    0x0000000000000dbb      0x2a9 ./Src/MCAL/MSTK/MSYSTICK_Program.o
 .debug_line    0x0000000000001064      0x39a ./Src/MCAL/MUSART/MUSART_Program.o
 .debug_line    0x00000000000013fe      0x407 ./Src/main.o
 .debug_line    0x0000000000001805       0x7b ./Startup/startup_stm32f401rctx.o

.debug_str      0x0000000000000000     0x6738
 .debug_str     0x0000000000000000     0x4d69 ./Src/HAL/LED/LED_program.o
                                       0x4ded (size before relaxing)
 .debug_str     0x0000000000004d69      0x50a ./Src/MCAL/MEXTI/MEXTI_program.o
                                       0x3513 (size before relaxing)
 .debug_str     0x0000000000005273      0x195 ./Src/MCAL/MGPIO/MGPIO_program.o
                                       0x4489 (size before relaxing)
 .debug_str     0x0000000000005408      0x261 ./Src/MCAL/MRCC/MRCC_program.o
                                       0x3cdc (size before relaxing)
 .debug_str     0x0000000000005669      0x2c3 ./Src/MCAL/MSTK/MSYSTICK_Program.o
                                       0x32cc (size before relaxing)
 .debug_str     0x000000000000592c      0x84b ./Src/MCAL/MUSART/MUSART_Program.o
                                       0x385e (size before relaxing)
 .debug_str     0x0000000000006177      0x592 ./Src/main.o
                                       0x557d (size before relaxing)
 .debug_str     0x0000000000006709       0x2f ./Startup/startup_stm32f401rctx.o
                                         0x5e (size before relaxing)

.debug_frame    0x0000000000000000      0x9c0
 .debug_frame   0x0000000000000000       0xc4 ./Src/HAL/LED/LED_program.o
 .debug_frame   0x00000000000000c4      0x22c ./Src/MCAL/MEXTI/MEXTI_program.o
 .debug_frame   0x00000000000002f0      0x1a0 ./Src/MCAL/MGPIO/MGPIO_program.o
 .debug_frame   0x0000000000000490       0xe8 ./Src/MCAL/MRCC/MRCC_program.o
 .debug_frame   0x0000000000000578      0x1cc ./Src/MCAL/MSTK/MSYSTICK_Program.o
 .debug_frame   0x0000000000000744      0x204 ./Src/MCAL/MUSART/MUSART_Program.o
 .debug_frame   0x0000000000000948       0x4c ./Src/main.o
 .debug_frame   0x0000000000000994       0x2c F:/STM32CubeIDE_1.13.2/STM32CubeIDE/plugins/com.st.stm32cube.ide.mcu.externaltools.gnu-tools-for-stm32.11.3.rel1.win32_1.1.1.202309131626/tools/bin/../lib/gcc/arm-none-eabi/11.3.1/../../../../arm-none-eabi/lib/thumb/v7e-m+fp/hard\libc_nano.a(libc_a-init.o)

.debug_line_str
                0x0000000000000000       0x52
 .debug_line_str
                0x0000000000000000       0x52 ./Startup/startup_stm32f401rctx.o
                                         0x6a (size before relaxing)
