../Src/MCAL/MEXTI/MEXTI_program.c:30:6:MEXTI_voidEnableEXTI	16	static
../Src/MCAL/MEXTI/MEXTI_program.c:40:6:MEXTI_voidDisableEXTI	16	static
../Src/MCAL/MEXTI/MEXTI_program.c:51:6:MEXTI_voidSoftwareInterrput	16	static
../Src/MCAL/MEXTI/MEXTI_program.c:62:6:MEXTI_voidSetSignalLatch	16	static
../Src/MCAL/MEXTI/MEXTI_program.c:87:6:MEXTI_voidSetEXTIConfiguration	16	static
../Src/MCAL/MEXTI/MEXTI_program.c:173:6:MEXTI0_voidSetCallBack	16	static
../Src/MCAL/MEXTI/MEXTI_program.c:182:6:MEXTI1_voidSetCallBack	16	static
../Src/MCAL/MEXTI/MEXTI_program.c:191:6:MEXTI2_voidSetCallBack	16	static
../Src/MCAL/MEXTI/MEXTI_program.c:200:6:MEXTI3_voidSetCallBack	16	static
../Src/MCAL/MEXTI/MEXTI_program.c:208:6:MEXTI4_voidSetCallBack	16	static
../Src/MCAL/MEXTI/MEXTI_program.c:216:6:EXTI0_IRQHandler	8	static
../Src/MCAL/MEXTI/MEXTI_program.c:223:6:EXTI1_IRQHandler	8	static
../Src/MCAL/MEXTI/MEXTI_program.c:230:6:EXTI2_IRQHandler	8	static
../Src/MCAL/MEXTI/MEXTI_program.c:237:6:EXTI3_IRQHandler	8	static
../Src/MCAL/MEXTI/MEXTI_program.c:244:6:EXTI4_IRQHandler	8	static
