../Src/MCAL/MUSART/MUSART_Program.c:38:6:MUSART_voidInit	4	static
../Src/MCAL/MUSART/MUSART_Program.c:122:6:MUSART_voidEnable	16	static
../Src/MCAL/MUSART/MUSART_Program.c:132:6:MUSART_voidDisable	16	static
../Src/MCAL/MUSART/MUSART_Program.c:142:6:MUSART_u8Send_Byte	24	static
../Src/MCAL/MUSART/MUSART_Program.c:150:6:MUSART_u8Send_Data	24	static
../Src/MCAL/MUSART/MUSART_Program.c:159:4:MUSART_u8Receive_Byte	24	static
../Src/MCAL/MUSART/MUSART_Program.c:173:4:MUSART_u8INT_Receive_Byte	24	static
../Src/MCAL/MUSART/MUSART_Program.c:181:11:MUSART_SetUSART	24	static
../Src/MCAL/MUSART/MUSART_Program.c:195:6:USART1_voidSetCallBack	16	static
../Src/MCAL/MUSART/MUSART_Program.c:203:6:USART2_voidSetCallBack	16	static
../Src/MCAL/MUSART/MUSART_Program.c:210:6:USART6_voidSetCallBack	16	static
../Src/MCAL/MUSART/MUSART_Program.c:217:6:USART1_IRQHandler	8	static
../Src/MCAL/MUSART/MUSART_Program.c:224:6:USART2_IRQHandler	8	static
../Src/MCAL/MUSART/MUSART_Program.c:231:6:USART6_IRQHandler	8	static
