Archive member included to satisfy reference by file (symbol)

F:/STM32CubeIDE_1.13.2/STM32CubeIDE/plugins/com.st.stm32cube.ide.mcu.externaltools.gnu-tools-for-stm32.11.3.rel1.win32_1.1.1.202309131626/tools/bin/../lib/gcc/arm-none-eabi/11.3.1/../../../../arm-none-eabi/lib/thumb/v7e-m+fp/hard\libc_nano.a(libc_a-exit.o)
                              F:/STM32CubeIDE_1.13.2/STM32CubeIDE/plugins/com.st.stm32cube.ide.mcu.externaltools.gnu-tools-for-stm32.11.3.rel1.win32_1.1.1.202309131626/tools/bin/../lib/gcc/arm-none-eabi/11.3.1/../../../../arm-none-eabi/lib/thumb/v7e-m+fp/hard/crt0.o (exit)
F:/STM32CubeIDE_1.13.2/STM32CubeIDE/plugins/com.st.stm32cube.ide.mcu.externaltools.gnu-tools-for-stm32.11.3.rel1.win32_1.1.1.202309131626/tools/bin/../lib/gcc/arm-none-eabi/11.3.1/../../../../arm-none-eabi/lib/thumb/v7e-m+fp/hard\libc_nano.a(libc_a-findfp.o)
                              F:/STM32CubeIDE_1.13.2/STM32CubeIDE/plugins/com.st.stm32cube.ide.mcu.externaltools.gnu-tools-for-stm32.11.3.rel1.win32_1.1.1.202309131626/tools/bin/../lib/gcc/arm-none-eabi/11.3.1/../../../../arm-none-eabi/lib/thumb/v7e-m+fp/hard\libc_nano.a(libc_a-exit.o) (__stdio_exit_handler)
F:/STM32CubeIDE_1.13.2/STM32CubeIDE/plugins/com.st.stm32cube.ide.mcu.externaltools.gnu-tools-for-stm32.11.3.rel1.win32_1.1.1.202309131626/tools/bin/../lib/gcc/arm-none-eabi/11.3.1/../../../../arm-none-eabi/lib/thumb/v7e-m+fp/hard\libc_nano.a(libc_a-fwalk.o)
                              F:/STM32CubeIDE_1.13.2/STM32CubeIDE/plugins/com.st.stm32cube.ide.mcu.externaltools.gnu-tools-for-stm32.11.3.rel1.win32_1.1.1.202309131626/tools/bin/../lib/gcc/arm-none-eabi/11.3.1/../../../../arm-none-eabi/lib/thumb/v7e-m+fp/hard\libc_nano.a(libc_a-findfp.o) (_fwalk_sglue)
F:/STM32CubeIDE_1.13.2/STM32CubeIDE/plugins/com.st.stm32cube.ide.mcu.externaltools.gnu-tools-for-stm32.11.3.rel1.win32_1.1.1.202309131626/tools/bin/../lib/gcc/arm-none-eabi/11.3.1/../../../../arm-none-eabi/lib/thumb/v7e-m+fp/hard\libc_nano.a(libc_a-stdio.o)
                              F:/STM32CubeIDE_1.13.2/STM32CubeIDE/plugins/com.st.stm32cube.ide.mcu.externaltools.gnu-tools-for-stm32.11.3.rel1.win32_1.1.1.202309131626/tools/bin/../lib/gcc/arm-none-eabi/11.3.1/../../../../arm-none-eabi/lib/thumb/v7e-m+fp/hard\libc_nano.a(libc_a-findfp.o) (__sread)
F:/STM32CubeIDE_1.13.2/STM32CubeIDE/plugins/com.st.stm32cube.ide.mcu.externaltools.gnu-tools-for-stm32.11.3.rel1.win32_1.1.1.202309131626/tools/bin/../lib/gcc/arm-none-eabi/11.3.1/../../../../arm-none-eabi/lib/thumb/v7e-m+fp/hard\libc_nano.a(libc_a-memset.o)
                              F:/STM32CubeIDE_1.13.2/STM32CubeIDE/plugins/com.st.stm32cube.ide.mcu.externaltools.gnu-tools-for-stm32.11.3.rel1.win32_1.1.1.202309131626/tools/bin/../lib/gcc/arm-none-eabi/11.3.1/../../../../arm-none-eabi/lib/thumb/v7e-m+fp/hard/crt0.o (memset)
F:/STM32CubeIDE_1.13.2/STM32CubeIDE/plugins/com.st.stm32cube.ide.mcu.externaltools.gnu-tools-for-stm32.11.3.rel1.win32_1.1.1.202309131626/tools/bin/../lib/gcc/arm-none-eabi/11.3.1/../../../../arm-none-eabi/lib/thumb/v7e-m+fp/hard\libc_nano.a(libc_a-closer.o)
                              F:/STM32CubeIDE_1.13.2/STM32CubeIDE/plugins/com.st.stm32cube.ide.mcu.externaltools.gnu-tools-for-stm32.11.3.rel1.win32_1.1.1.202309131626/tools/bin/../lib/gcc/arm-none-eabi/11.3.1/../../../../arm-none-eabi/lib/thumb/v7e-m+fp/hard\libc_nano.a(libc_a-stdio.o) (_close_r)
F:/STM32CubeIDE_1.13.2/STM32CubeIDE/plugins/com.st.stm32cube.ide.mcu.externaltools.gnu-tools-for-stm32.11.3.rel1.win32_1.1.1.202309131626/tools/bin/../lib/gcc/arm-none-eabi/11.3.1/../../../../arm-none-eabi/lib/thumb/v7e-m+fp/hard\libc_nano.a(libc_a-reent.o)
                              F:/STM32CubeIDE_1.13.2/STM32CubeIDE/plugins/com.st.stm32cube.ide.mcu.externaltools.gnu-tools-for-stm32.11.3.rel1.win32_1.1.1.202309131626/tools/bin/../lib/gcc/arm-none-eabi/11.3.1/../../../../arm-none-eabi/lib/thumb/v7e-m+fp/hard\libc_nano.a(libc_a-closer.o) (errno)
F:/STM32CubeIDE_1.13.2/STM32CubeIDE/plugins/com.st.stm32cube.ide.mcu.externaltools.gnu-tools-for-stm32.11.3.rel1.win32_1.1.1.202309131626/tools/bin/../lib/gcc/arm-none-eabi/11.3.1/../../../../arm-none-eabi/lib/thumb/v7e-m+fp/hard\libc_nano.a(libc_a-impure.o)
                              F:/STM32CubeIDE_1.13.2/STM32CubeIDE/plugins/com.st.stm32cube.ide.mcu.externaltools.gnu-tools-for-stm32.11.3.rel1.win32_1.1.1.202309131626/tools/bin/../lib/gcc/arm-none-eabi/11.3.1/../../../../arm-none-eabi/lib/thumb/v7e-m+fp/hard\libc_nano.a(libc_a-reent.o) (_impure_ptr)
F:/STM32CubeIDE_1.13.2/STM32CubeIDE/plugins/com.st.stm32cube.ide.mcu.externaltools.gnu-tools-for-stm32.11.3.rel1.win32_1.1.1.202309131626/tools/bin/../lib/gcc/arm-none-eabi/11.3.1/../../../../arm-none-eabi/lib/thumb/v7e-m+fp/hard\libc_nano.a(libc_a-lseekr.o)
[...]
Memory Configuration

Name             Origin             Length             Attributes
RAM              0x0000000020000000 0x0000000000010000 xrw
FLASH            0x0000000008000000 0x0000000000040000 xr
*default*        0x0000000000000000 0xffffffffffffffff

Linker script and memory map

LOAD F:/STM32CubeIDE_1.13.2/STM32CubeIDE/plugins/com.st.stm32cube.ide.mcu.externaltools.gnu-tools-for-stm32.11.3.rel1.win32_1.1.1.202309131626/tools/bin/../lib/gcc/arm-none-eabi/11.3.1/thumb/v7e-m+fp/hard/crti.o
LOAD F:/STM32CubeIDE_1.13.2/STM32CubeIDE/plugins/com.st.stm32cube.ide.mcu.externaltools.gnu-tools-for-stm32.11.3.rel1.win32_1.1.1.202309131626/tools/bin/../lib/gcc/arm-none-eabi/11.3.1/thumb/v7e-m+fp/hard/crtbegin.o
LOAD F:/STM32CubeIDE_1.13.2/STM32CubeIDE/plugins/com.st.stm32cube.ide.mcu.externaltools.gnu-tools-for-stm32.11.3.rel1.win32_1.1.1.202309131626/tools/bin/../lib/gcc/arm-none-eabi/11.3.1/../../../../arm-none-eabi/lib/thumb/v7e-m+fp/hard/crt0.o
LOAD ./Src/HAL/LED/LED_program.o
LOAD ./Src/HAL/MotorDriver/MotorDriver_program.o
LOAD ./Src/HAL/PushB/PushB_program.o
LOAD ./Src/HAL/Ultrasonic/Ultrasonic_program.o
LOAD ./Src/MCAL/MEXTI/MEXTI_program.o
LOAD ./Src/MCAL/MFMI/MFMI_program.o
LOAD ./Src/MCAL/MGPIO/MGPIO_program.o
LOAD ./Src/MCAL/MNVIC/MNVIC_Program.o
LOAD ./Src/MCAL/MRCC/MRCC_program.o
LOAD ./Src/MCAL/MSTK/MSYSTICK_Program.o
LOAD ./Src/MCAL/MTIMER/MTIMER_program.o
LOAD ./Src/MCAL/MUSART/MUSART_Program.o
LOAD ./Src/main.o
LOAD ./Src/syscalls.o
LOAD ./Src/sysmem.o
LOAD ./Startup/startup_stm32f401rctx.o
START GROUP
LOAD F:/STM32CubeIDE_1.13.2/STM32CubeIDE/plugins/com.st.stm32cube.ide.mcu.externaltools.gnu-tools-for-stm32.11.3.rel1.win32_1.1.1.202309131626/tools/bin/../lib/gcc/arm-none-eabi/11.3.1/../../../../arm-none-eabi/lib/thumb/v7e-m+fp/hard\libc_nano.a
LOAD F:/STM32CubeIDE_1.13.2/STM32CubeIDE/plugins/com.st.stm32cube.ide.mcu.externaltools.gnu-tools-for-stm32.11.3.rel1.win32_1.1.1.202309131626/tools/bin/../lib/gcc/arm-none-eabi/11.3.1/../../../../arm-none-eabi/lib/thumb/v7e-m+fp/hard\libm.a
END GROUP
START GROUP
LOAD F:/STM32CubeIDE_1.13.2/STM32CubeIDE/plugins/com.st.stm32cube.ide.mcu.externaltools.gnu-tools-for-stm32.11.3.rel1.win32_1.1.1.202309131626/tools/bin/../lib/gcc/arm-none-eabi/11.3.1/thumb/v7e-m+fp/hard\libgcc.a
LOAD F:/STM32CubeIDE_1.13.2/STM32CubeIDE/plugins/com.st.stm32cube.ide.mcu.externaltools.gnu-tools-for-stm32.11.3.rel1.win32_1.1.1.202309131626/tools/bin/../lib/gcc/arm-none-eabi/11.3.1/../../../../arm-none-eabi/lib/thumb/v7e-m+fp/hard\libg_nano.a
LOAD F:/STM32CubeIDE_1.13.2/STM32CubeIDE/plugins/com.st.stm32cube.ide.mcu.externaltools.gnu-tools-for-stm32.11.3.rel1.win32_1.1.1.202309131626/tools/bin/../lib/gcc/arm-none-eabi/11.3.1/../../../../arm-none-eabi/lib/thumb/v7e-m+fp/hard\libc_nano.a
END GROUP
START GROUP
LOAD F:/STM32CubeIDE_1.13.2/STM32CubeIDE/plugins/com.st.stm32cube.ide.mcu.externaltools.gnu-tools-for-stm32.11.3.rel1.win32_1.1.1.202309131626/tools/bin/../lib/gcc/arm-none-eabi/11.3.1/thumb/v7e-m+fp/hard\libgcc.a
LOAD F:/STM32CubeIDE_1.13.2/STM32CubeIDE/plugins/com.st.stm32cube.ide.mcu.externaltools.gnu-tools-for-stm32.11.3.rel1.win32_1.1.1.202309131626/tools/bin/../lib/gcc/arm-none-eabi/11.3.1/../../../../arm-none-eabi/lib/thumb/v7e-m+fp/hard\libc_nano.a
LOAD F:/STM32CubeIDE_1.13.2/STM32CubeIDE/plugins/com.st.stm32cube.ide.mcu.externaltools.gnu-tools-for-stm32.11.3.rel1.win32_1.1.1.202309131626/tools/bin/../lib/gcc/arm-none-eabi/11.3.1/../../../../arm-none-eabi/lib/thumb/v7e-m+fp/hard\libnosys.a
END GROUP
START GROUP
LOAD F:/STM32CubeIDE_1.13.2/STM32CubeIDE/plugins/com.st.stm32cube.ide.mcu.externaltools.gnu-tools-for-stm32.11.3.rel1.win32_1.1.1.202309131626/tools/bin/../lib/gcc/arm-none-eabi/11.3.1/thumb/v7e-m+fp/hard\libgcc.a
LOAD F:/STM32CubeIDE_1.13.2/STM32CubeIDE/plugins/com.st.stm32cube.ide.mcu.externaltools.gnu-tools-for-stm32.11.3.rel1.win32_1.1.1.202309131626/tools/bin/../lib/gcc/arm-none-eabi/11.3.1/../../../../arm-none-eabi/lib/thumb/v7e-m+fp/hard\libc_nano.a
LOAD F:/STM32CubeIDE_1.13.2/STM32CubeIDE/plugins/com.st.stm32cube.ide.mcu.externaltools.gnu-tools-for-stm32.11.3.rel1.win32_1.1.1.202309131626/tools/bin/../lib/gcc/arm-none-eabi/11.3.1/../../../../arm-none-eabi/lib/thumb/v7e-m+fp/hard\libnosys.a
END GROUP
LOAD F:/STM32CubeIDE_1.13.2/STM32CubeIDE/plugins/com.st.stm32cube.ide.mcu.externaltools.gnu-tools-for-stm32.11.3.rel1.win32_1.1.1.202309131626/tools/bin/../lib/gcc/arm-none-eabi/11.3.1/thumb/v7e-m+fp/hard/crtend.o
LOAD F:/STM32CubeIDE_1.13.2/STM32CubeIDE/plugins/com.st.stm32cube.ide.mcu.externaltools.gnu-tools-for-stm32.11.3.rel1.win32_1.1.1.202309131626/tools/bin/../lib/gcc/arm-none-eabi/11.3.1/thumb/v7e-m+fp/hard/crtn.o
                0x0000000020010000                _estack = (ORIGIN (RAM) + LENGTH (RAM))
                0x0000000000000200                _Min_Heap_Size = 0x200
                0x0000000000000400                _Min_Stack_Size = 0x400

.isr_vector     0x0000000008000000      0x194
                0x0000000008000000                . = ALIGN (0x4)
 *(.isr_vector)
 .isr_vector    0x0000000008000000      0x194 ./Startup/startup_stm32f401rctx.o
                0x0000000008000000                g_pfnVectors
                0x0000000008000194                . = ALIGN (0x4)

.text           0x0000000008000198     0x27f4
                0x0000000008000198                . = ALIGN (0x4)
 *(.text)
 .text          0x0000000008000198       0x40 F:/STM32CubeIDE_1.13.2/STM32CubeIDE/plugins/com.st.stm32cube.ide.mcu.externaltools.gnu-tools-for-stm32.11.3.rel1.win32_1.1.1.202309131626/tools/bin/../lib/gcc/arm-none-eabi/11.3.1/thumb/v7e-m+fp/hard/crtbegin.o
 .text          0x00000000080001d8      0x378 F:/STM32CubeIDE_1.13.2/STM32CubeIDE/plugins/com.st.stm32cube.ide.mcu.externaltools.gnu-tools-for-stm32.11.3.rel1.win32_1.1.1.202309131626/tools/bin/../lib/gcc/arm-none-eabi/11.3.1/thumb/v7e-m+fp/hard\libgcc.a(_arm_addsubdf3.o)
                0x00000000080001d8                __aeabi_drsub
                0x00000000080001e0                __aeabi_dsub
                0x00000000080001e0                __subdf3
                0x00000000080001e4                __aeabi_dadd
                0x00000000080001e4                __adddf3
                0x000000000800045c                __floatunsidf
                0x000000000800045c                __aeabi_ui2d
                0x000000000800047c                __floatsidf
                0x000000000800047c                __aeabi_i2d
                0x00000000080004a0                __aeabi_f2d
                0x00000000080004a0                __extendsfdf2
                0x00000000080004e4                __floatundidf
                0x00000000080004e4                __aeabi_ul2d
                0x00000000080004f4                __floatdidf
                0x00000000080004f4                __aeabi_l2d
 .text          0x0000000008000550      0x424 F:/STM32CubeIDE_1.13.2/STM32CubeIDE/plugins/com.st.stm32cube.ide.mcu.externaltools.gnu-tools-for-stm32.11.3.rel1.win32_1.1.1.202309131626/tools/bin/../lib/gcc/arm-none-eabi/11.3.1/thumb/v7e-m+fp/hard\libgcc.a(_arm_muldivdf3.o)
                0x0000000008000550                __aeabi_dmul
                0x0000000008000550                __muldf3
                0x00000000080007a4                __divdf3
                0x00000000080007a4                __aeabi_ddiv
 .text          0x0000000008000974      0x110 F:/STM32CubeIDE_1.13.2/STM32CubeIDE/plugins/com.st.stm32cube.ide.mcu.externaltools.gnu-tools-for-stm32.11.3.rel1.win32_1.1.1.202309131626/tools/bin/../lib/gcc/arm-none-eabi/11.3.1/thumb/v7e-m+fp/hard\libgcc.a(_arm_cmpdf2.o)
                0x0000000008000974                __gtdf2
                0x0000000008000974                __gedf2
                0x000000000800097c                __ltdf2
                0x000000000800097c                __ledf2
                0x0000000008000984                __nedf2
                0x0000000008000984                __eqdf2
                0x0000000008000984                __cmpdf2
                0x0000000008000a00                __aeabi_cdrcmple
                0x0000000008000a10                __aeabi_cdcmpeq
                0x0000000008000a10                __aeabi_cdcmple
                0x0000000008000a20                __aeabi_dcmpeq
                0x0000000008000a34                __aeabi_dcmplt
                0x0000000008000a48                __aeabi_dcmple
                0x0000000008000a5c                __aeabi_dcmpge
                0x0000000008000a70                __aeabi_dcmpgt
 *(.text*)
 .text.LED_Init
                0x0000000008000a84       0x24 ./Src/HAL/LED/LED_program.o
                0x0000000008000a84                LED_Init
 .text.LED_On   0x0000000008000aa8       0x24 ./Src/HAL/LED/LED_program.o
                0x0000000008000aa8                LED_On
 .text.LED_Off  0x0000000008000acc       0x24 ./Src/HAL/LED/LED_program.o
                0x0000000008000acc                LED_Off
 .text.Led_Toggle
                0x0000000008000af0       0x24 ./Src/HAL/LED/LED_program.o
                0x0000000008000af0                Led_Toggle
 .text.HAL_MOTOR_Init
                0x0000000008000b14       0x72 ./Src/HAL/MotorDriver/MotorDriver_program.o
                0x0000000008000b14                HAL_MOTOR_Init
 .text.HAL_MOTOR_MOVE
                0x0000000008000b86       0xc0 ./Src/HAL/MotorDriver/MotorDriver_program.o
                0x0000000008000b86                HAL_MOTOR_MOVE
 .text.HAL_MOTOR_STOP
                0x0000000008000c46       0x38 ./Src/HAL/MotorDriver/MotorDriver_program.o
                0x0000000008000c46                HAL_MOTOR_STOP
 *fill*         0x0000000008000c7e        0x2 
 .text.HULTRA_vInitialize
                0x0000000008000c80       0x40 ./Src/HAL/Ultrasonic/Ultrasonic_program.o
                0x0000000008000c80                HULTRA_vInitialize
 .text.HULTRA_vSendTrigger
                0x0000000008000cc0       0x52 ./Src/HAL/Ultrasonic/Ultrasonic_program.o
                0x0000000008000cc0                HULTRA_vSendTrigger
 *fill*         0x0000000008000d12        0x6 
 .text.HULTRA_vGetDistance
                0x0000000008000d18       0x74 ./Src/HAL/Ultrasonic/Ultrasonic_program.o
                0x0000000008000d18                HULTRA_vGetDistance
 .text.EXTI0_IRQHandler
                0x0000000008000d8c       0x24 ./Src/MCAL/MEXTI/MEXTI_program.o
                0x0000000008000d8c                EXTI0_IRQHandler
 .text.EXTI1_IRQHandler
                0x0000000008000db0       0x24 ./Src/MCAL/MEXTI/MEXTI_program.o
                0x0000000008000db0                EXTI1_IRQHandler
 .text.EXTI2_IRQHandler
                0x0000000008000dd4       0x24 ./Src/MCAL/MEXTI/MEXTI_program.o
                0x0000000008000dd4                EXTI2_IRQHandler
 .text.EXTI3_IRQHandler
                0x0000000008000df8       0x24 ./Src/MCAL/MEXTI/MEXTI_program.o
                0x0000000008000df8                EXTI3_IRQHandler
 .text.EXTI4_IRQHandler
                0x0000000008000e1c       0x24 ./Src/MCAL/MEXTI/MEXTI_program.o
                0x0000000008000e1c                EXTI4_IRQHandler
 .text.MGPIO_voidSetPinMode
                0x0000000008000e40       0xf0 ./Src/MCAL/MGPIO/MGPIO_program.o
                0x0000000008000e40                MGPIO_voidSetPinMode
 .text.MGPIO_voidWriteData
                0x0000000008000f30      0x1a4 ./Src/MCAL/MGPIO/MGPIO_program.o
                0x0000000008000f30                MGPIO_voidWriteData
 .text.MGPIO_voidToggleData
                0x00000000080010d4       0xe0 ./Src/MCAL/MGPIO/MGPIO_program.o
                0x00000000080010d4                MGPIO_voidToggleData
 .text.MGPIO_vDirectSetReset
                0x00000000080011b4      0x134 ./Src/MCAL/MGPIO/MGPIO_program.o
                0x00000000080011b4                MGPIO_vDirectSetReset
 .text.MGPIO_voidSetPinAltFn
                0x00000000080012e8      0x1c8 ./Src/MCAL/MGPIO/MGPIO_program.o
                0x00000000080012e8                MGPIO_voidSetPinAltFn
 .text.MNVIC_voidEnableInterrupt
                0x00000000080014b0       0x34 ./Src/MCAL/MNVIC/MNVIC_Program.o
                0x00000000080014b0                MNVIC_voidEnableInterrupt
 .text.MNVIC_voidDisableInterrupt
                0x00000000080014e4       0x38 ./Src/MCAL/MNVIC/MNVIC_Program.o
                0x00000000080014e4                MNVIC_voidDisableInterrupt
 .text.MRCC_voidEnablePeripheralClock
                0x000000000800151c       0xa4 ./Src/MCAL/MRCC/MRCC_program.o
                0x000000000800151c                MRCC_voidEnablePeripheralClock
 .text.MRCC_voidInitSystemClk
                0x00000000080015c0       0x38 ./Src/MCAL/MRCC/MRCC_program.o
                0x00000000080015c0                MRCC_voidInitSystemClk
 .text.MSTK_voidInit
                0x00000000080015f8       0x20 ./Src/MCAL/MSTK/MSYSTICK_Program.o
                0x00000000080015f8                MSTK_voidInit
 .text.MSTK_voidStart
                0x0000000008001618       0x58 ./Src/MCAL/MSTK/MSYSTICK_Program.o
                0x0000000008001618                MSTK_voidStart
 .text.MSTK_voidStopInterval
                0x0000000008001670       0x2c ./Src/MCAL/MSTK/MSYSTICK_Program.o
                0x0000000008001670                MSTK_voidStopInterval
 .text._delay_ms
                0x000000000800169c       0x38 ./Src/MCAL/MSTK/MSYSTICK_Program.o
                0x000000000800169c                _delay_ms
 .text._delay_us
                0x00000000080016d4       0x34 ./Src/MCAL/MSTK/MSYSTICK_Program.o
                0x00000000080016d4                _delay_us
 .text.SysTick_Handler
                0x0000000008001708       0x68 ./Src/MCAL/MSTK/MSYSTICK_Program.o
                0x0000000008001708                SysTick_Handler
 .text.GET_TIMER
                0x0000000008001770       0x40 ./Src/MCAL/MTIMER/MTIMER_program.o
 .text.MTIMER_vStartTime
                0x00000000080017b0       0x46 ./Src/MCAL/MTIMER/MTIMER_program.o
                0x00000000080017b0                MTIMER_vStartTime
 *fill*         0x00000000080017f6        0x2 
 .text.MTIMER_vPWM
                0x00000000080017f8      0x2c4 ./Src/MCAL/MTIMER/MTIMER_program.o
                0x00000000080017f8                MTIMER_vPWM
 .text.MTIMER_vICU
                0x0000000008001abc      0x290 ./Src/MCAL/MTIMER/MTIMER_program.o
                0x0000000008001abc                MTIMER_vICU
 .text.LOC_TIMER_ICU
                0x0000000008001d4c       0xf0 ./Src/MCAL/MTIMER/MTIMER_program.o
 .text.MTIMER_GET_ICU
                0x0000000008001e3c       0x34 ./Src/MCAL/MTIMER/MTIMER_program.o
                0x0000000008001e3c                MTIMER_GET_ICU
 .text.TIM1_UP_TIM10_IRQHandler
                0x0000000008001e70       0x90 ./Src/MCAL/MTIMER/MTIMER_program.o
                0x0000000008001e70                TIM1_UP_TIM10_IRQHandler
 .text.TIM1_TRG_COM_TIM11_IRQHandler
                0x0000000008001f00       0x80 ./Src/MCAL/MTIMER/MTIMER_program.o
                0x0000000008001f00                TIM1_TRG_COM_TIM11_IRQHandler
 .text.TIM1_BRK_TIM9_IRQHandler
                0x0000000008001f80       0x98 ./Src/MCAL/MTIMER/MTIMER_program.o
                0x0000000008001f80                TIM1_BRK_TIM9_IRQHandler
 .text.TIM1_CC_IRQHandler
                0x0000000008002018       0x88 ./Src/MCAL/MTIMER/MTIMER_program.o
                0x0000000008002018                TIM1_CC_IRQHandler
 .text.TIM2_IRQHandler
                0x00000000080020a0       0xe8 ./Src/MCAL/MTIMER/MTIMER_program.o
                0x00000000080020a0                TIM2_IRQHandler
 .text.TIM3_IRQHandler
                0x0000000008002188       0xcc ./Src/MCAL/MTIMER/MTIMER_program.o
                0x0000000008002188                TIM3_IRQHandler
 .text.TIM4_IRQHandler
                0x0000000008002254       0xcc ./Src/MCAL/MTIMER/MTIMER_program.o
                0x0000000008002254                TIM4_IRQHandler
 .text.TIM5_IRQHandler
                0x0000000008002320       0xcc ./Src/MCAL/MTIMER/MTIMER_program.o
                0x0000000008002320                TIM5_IRQHandler
 .text.MUSART_voidInit
                0x00000000080023ec       0x7c ./Src/MCAL/MUSART/MUSART_Program.o
                0x00000000080023ec                MUSART_voidInit
 .text.MUSART_voidEnable
                0x0000000008002468       0x5c ./Src/MCAL/MUSART/MUSART_Program.o
                0x0000000008002468                MUSART_voidEnable
 .text.MUSART_voidDisable
                0x00000000080024c4       0x5c ./Src/MCAL/MUSART/MUSART_Program.o
                0x00000000080024c4                MUSART_voidDisable
 .text.MUSART_u8Send_Byte
                0x0000000008002520       0x46 ./Src/MCAL/MUSART/MUSART_Program.o
                0x0000000008002520                MUSART_u8Send_Byte
 .text.MUSART_u8Send_Data
                0x0000000008002566       0x40 ./Src/MCAL/MUSART/MUSART_Program.o
                0x0000000008002566                MUSART_u8Send_Data
 .text.MUSART_u8INT_Receive_Byte
                0x00000000080025a6       0x2c ./Src/MCAL/MUSART/MUSART_Program.o
                0x00000000080025a6                MUSART_u8INT_Receive_Byte
 *fill*         0x00000000080025d2        0x2 
 .text.MUSART_SetUSART
                0x00000000080025d4       0x50 ./Src/MCAL/MUSART/MUSART_Program.o
 .text.USART1_voidSetCallBack
                0x0000000008002624       0x20 ./Src/MCAL/MUSART/MUSART_Program.o
                0x0000000008002624                USART1_voidSetCallBack
 .text.USART1_IRQHandler
                0x0000000008002644       0x1c ./Src/MCAL/MUSART/MUSART_Program.o
                0x0000000008002644                USART1_IRQHandler
 .text.USART2_IRQHandler
                0x0000000008002660       0x1c ./Src/MCAL/MUSART/MUSART_Program.o
                0x0000000008002660                USART2_IRQHandler
 .text.USART6_IRQHandler
                0x000000000800267c       0x1c ./Src/MCAL/MUSART/MUSART_Program.o
                0x000000000800267c                USART6_IRQHandler
 .text.main     0x0000000008002698      0x1b0 ./Src/main.o
                0x0000000008002698                main
 .text.RECIVE_INT
                0x0000000008002848       0x78 ./Src/main.o
                0x0000000008002848                RECIVE_INT
 .text.WWDT_voidMakeSoftWareReset
                0x00000000080028c0       0x18 ./Src/main.o
                0x00000000080028c0                WWDT_voidMakeSoftWareReset
 .text.Reset_Handler
                0x00000000080028d8       0x50 ./Startup/startup_stm32f401rctx.o
                0x00000000080028d8                Reset_Handler
 .text.Default_Handler
                0x0000000008002928        0x2 ./Startup/startup_stm32f401rctx.o
                0x0000000008002928                DebugMon_Handler
                0x0000000008002928                SPI4_IRQHandler
                0x0000000008002928                DMA2_Stream5_IRQHandler
                0x0000000008002928                HardFault_Handler
                0x0000000008002928                DMA1_Stream5_IRQHandler
                0x0000000008002928                SDIO_IRQHandler
                0x0000000008002928                TAMP_STAMP_IRQHandler
                0x0000000008002928                PendSV_Handler
                0x0000000008002928                NMI_Handler
                0x0000000008002928                I2C3_ER_IRQHandler
                0x0000000008002928                EXTI18_OTG_FS_WKUP_IRQHandler
                0x0000000008002928                I2C2_EV_IRQHandler
                0x0000000008002928                DMA1_Stream2_IRQHandler
                0x0000000008002928                UsageFault_Handler
                0x0000000008002928                DMA2_Stream2_IRQHandler
                0x0000000008002928                SPI1_IRQHandler
                0x0000000008002928                DMA2_Stream3_IRQHandler
                0x0000000008002928                DMA2_Stream0_IRQHandler
                0x0000000008002928                I2C1_EV_IRQHandler
                0x0000000008002928                DMA1_Stream6_IRQHandler
                0x0000000008002928                DMA1_Stream1_IRQHandler
                0x0000000008002928                RCC_IRQHandler
                0x0000000008002928                Default_Handler
                0x0000000008002928                EXTI15_10_IRQHandler
                0x0000000008002928                ADC_IRQHandler
                0x0000000008002928                DMA1_Stream7_IRQHandler
                0x0000000008002928                DMA2_Stream7_IRQHandler
                0x0000000008002928                I2C3_EV_IRQHandler
                0x0000000008002928                EXTI9_5_IRQHandler
                0x0000000008002928                SPI2_IRQHandler
                0x0000000008002928                MemManage_Handler
                0x0000000008002928                DMA1_Stream0_IRQHandler
                0x0000000008002928                SVC_Handler
                0x0000000008002928                EXTI22_RTC_WKUP_IRQHandler
                0x0000000008002928                EXTI16_PVD_IRQHandler
                0x0000000008002928                EXTI17_RTC_Alarm_IRQHandler
                0x0000000008002928                I2C2_ER_IRQHandler
                0x0000000008002928                DMA2_Stream1_IRQHandler
                0x0000000008002928                FLASH_IRQHandler
                0x0000000008002928                DMA2_Stream4_IRQHandler
                0x0000000008002928                BusFault_Handler
                0x0000000008002928                OTG_FS_IRQHandler
                0x0000000008002928                SPI3_IRQHandler
                0x0000000008002928                DMA1_Stream4_IRQHandler
                0x0000000008002928                I2C1_ER_IRQHandler
                0x0000000008002928                DMA2_Stream6_IRQHandler
                0x0000000008002928                DMA1_Stream3_IRQHandler
 *fill*         0x000000000800292a        0x2 
 .text.__libc_init_array
                0x000000000800292c       0x48 F:/STM32CubeIDE_1.13.2/STM32CubeIDE/plugins/com.st.stm32cube.ide.mcu.externaltools.gnu-tools-for-stm32.11.3.rel1.win32_1.1.1.202309131626/tools/bin/../lib/gcc/arm-none-eabi/11.3.1/../../../../arm-none-eabi/lib/thumb/v7e-m+fp/hard\libc_nano.a(libc_a-init.o)
                0x000000000800292c                __libc_init_array
 *(.glue_7)
 .glue_7        0x0000000008002974        0x0 linker stubs
 *(.glue_7t)
 .glue_7t       0x0000000008002974        0x0 linker stubs
 *(.eh_frame)
 .eh_frame      0x0000000008002974        0x0 F:/STM32CubeIDE_1.13.2/STM32CubeIDE/plugins/com.st.stm32cube.ide.mcu.externaltools.gnu-tools-for-stm32.11.3.rel1.win32_1.1.1.202309131626/tools/bin/../lib/gcc/arm-none-eabi/11.3.1/thumb/v7e-m+fp/hard/crtbegin.o
 *(.init)
 .init          0x0000000008002974        0x4 F:/STM32CubeIDE_1.13.2/STM32CubeIDE/plugins/com.st.stm32cube.ide.mcu.externaltools.gnu-tools-for-stm32.11.3.rel1.win32_1.1.1.202309131626/tools/bin/../lib/gcc/arm-none-eabi/11.3.1/thumb/v7e-m+fp/hard/crti.o
                0x0000000008002974                _init
 .init          0x0000000008002978        0x8 F:/STM32CubeIDE_1.13.2/STM32CubeIDE/plugins/com.st.stm32cube.ide.mcu.externaltools.gnu-tools-for-stm32.11.3.rel1.win32_1.1.1.202309131626/tools/bin/../lib/gcc/arm-none-eabi/11.3.1/thumb/v7e-m+fp/hard/crtn.o
 *(.fini)
 .fini          0x0000000008002980        0x4 F:/STM32CubeIDE_1.13.2/STM32CubeIDE/plugins/com.st.stm32cube.ide.mcu.externaltools.gnu-tools-for-stm32.11.3.rel1.win32_1.1.1.202309131626/tools/bin/../lib/gcc/arm-none-eabi/11.3.1/thumb/v7e-m+fp/hard/crti.o
                0x0000000008002980                _fini
 .fini          0x0000000008002984        0x8 F:/STM32CubeIDE_1.13.2/STM32CubeIDE/plugins/com.st.stm32cube.ide.mcu.externaltools.gnu-tools-for-stm32.11.3.rel1.win32_1.1.1.202309131626/tools/bin/../lib/gcc/arm-none-eabi/11.3.1/thumb/v7e-m+fp/hard/crtn.o
                0x000000000800298c                . = ALIGN (0x4)
                0x000000000800298c                _etext = .

.vfp11_veneer   0x000000000800298c        0x0
 .vfp11_veneer  0x000000000800298c        0x0 linker stubs

.v4_bx          0x000000000800298c        0x0
 .v4_bx         0x000000000800298c        0x0 linker stubs

.iplt           0x000000000800298c        0x0
 .iplt          0x000000000800298c        0x0 F:/STM32CubeIDE_1.13.2/STM32CubeIDE/plugins/com.st.stm32cube.ide.mcu.externaltools.gnu-tools-for-stm32.11.3.rel1.win32_1.1.1.202309131626/tools/bin/../lib/gcc/arm-none-eabi/11.3.1/thumb/v7e-m+fp/hard/crtbegin.o

.rodata         0x000000000800298c       0x64
                0x000000000800298c                . = ALIGN (0x4)
 *(.rodata)
 .rodata        0x000000000800298c       0x20 ./Src/MCAL/MTIMER/MTIMER_program.o
 .rodata        0x00000000080029ac        0x3 ./Src/main.o
 *(.rodata*)
 *fill*         0x00000000080029af        0x1 
 .rodata.Led_0  0x00000000080029b0        0x8 ./Src/main.o
 .rodata.Led_1  0x00000000080029b8        0x8 ./Src/main.o
 .rodata.Led_2  0x00000000080029c0        0x8 ./Src/main.o
 .rodata.Led_3  0x00000000080029c8        0x8 ./Src/main.o
 .rodata.UltraS_t_1
                0x00000000080029d0        0x8 ./Src/main.o
 .rodata.Motor_1
                0x00000000080029d8       0x18 ./Src/main.o
                0x00000000080029f0                . = ALIGN (0x4)

.rel.dyn        0x00000000080029f0        0x0
 .rel.iplt      0x00000000080029f0        0x0 F:/STM32CubeIDE_1.13.2/STM32CubeIDE/plugins/com.st.stm32cube.ide.mcu.externaltools.gnu-tools-for-stm32.11.3.rel1.win32_1.1.1.202309131626/tools/bin/../lib/gcc/arm-none-eabi/11.3.1/thumb/v7e-m+fp/hard/crtbegin.o

.ARM.extab      0x00000000080029f0        0x0
                0x00000000080029f0                . = ALIGN (0x4)
 *(.ARM.extab* .gnu.linkonce.armextab.*)
                0x00000000080029f0                . = ALIGN (0x4)

.ARM            0x00000000080029f0        0x0
                0x00000000080029f0                . = ALIGN (0x4)
                0x00000000080029f0                __exidx_start = .
 *(.ARM.exidx*)
                0x00000000080029f0                __exidx_end = .
                0x00000000080029f0                . = ALIGN (0x4)

.preinit_array  0x00000000080029f0        0x0
                0x00000000080029f0                . = ALIGN (0x4)
                0x00000000080029f0                PROVIDE (__preinit_array_start = .)
 *(.preinit_array*)
                0x00000000080029f0                PROVIDE (__preinit_array_end = .)
                0x00000000080029f0                . = ALIGN (0x4)

.init_array     0x00000000080029f0        0x4
                0x00000000080029f0                . = ALIGN (0x4)
                0x00000000080029f0                PROVIDE (__init_array_start = .)
 *(SORT_BY_NAME(.init_array.*))
 *(.init_array*)
 .init_array    0x00000000080029f0        0x4 F:/STM32CubeIDE_1.13.2/STM32CubeIDE/plugins/com.st.stm32cube.ide.mcu.externaltools.gnu-tools-for-stm32.11.3.rel1.win32_1.1.1.202309131626/tools/bin/../lib/gcc/arm-none-eabi/11.3.1/thumb/v7e-m+fp/hard/crtbegin.o
                0x00000000080029f4                PROVIDE (__init_array_end = .)
                0x00000000080029f4                . = ALIGN (0x4)

.fini_array     0x00000000080029f4        0x4
                0x00000000080029f4                . = ALIGN (0x4)
                [!provide]                        PROVIDE (__fini_array_start = .)
 *(SORT_BY_NAME(.fini_array.*))
 *(.fini_array*)
 .fini_array    0x00000000080029f4        0x4 F:/STM32CubeIDE_1.13.2/STM32CubeIDE/plugins/com.st.stm32cube.ide.mcu.externaltools.gnu-tools-for-stm32.11.3.rel1.win32_1.1.1.202309131626/tools/bin/../lib/gcc/arm-none-eabi/11.3.1/thumb/v7e-m+fp/hard/crtbegin.o
                [!provide]                        PROVIDE (__fini_array_end = .)
                0x00000000080029f8                . = ALIGN (0x4)
                0x00000000080029f8                _sidata = LOADADDR (.data)

.data           0x0000000020000000       0x48 load address 0x00000000080029f8
                0x0000000020000000                . = ALIGN (0x4)
                0x0000000020000000                _sdata = .
 *(.data)
 *(.data*)
 .data.TIMER_PORT_MAP
                0x0000000020000000       0x20 ./Src/MCAL/MTIMER/MTIMER_program.o
 .data.TIMER_PIN_MAP
                0x0000000020000020       0x20 ./Src/MCAL/MTIMER/MTIMER_program.o
 .data.TIMER_AF
                0x0000000020000040        0x8 ./Src/MCAL/MTIMER/MTIMER_program.o
 *(.RamFunc)
 *(.RamFunc*)
                0x0000000020000048                . = ALIGN (0x4)
                0x0000000020000048                _edata = .

.igot.plt       0x0000000020000048        0x0 load address 0x0000000008002a40
 .igot.plt      0x0000000020000048        0x0 F:/STM32CubeIDE_1.13.2/STM32CubeIDE/plugins/com.st.stm32cube.ide.mcu.externaltools.gnu-tools-for-stm32.11.3.rel1.win32_1.1.1.202309131626/tools/bin/../lib/gcc/arm-none-eabi/11.3.1/thumb/v7e-m+fp/hard/crtbegin.o
                0x0000000020000048                . = ALIGN (0x4)

.bss            0x0000000020000048      0x1f8 load address 0x0000000008002a40
                0x0000000020000048                _sbss = .
                0x0000000020000048                __bss_start__ = _sbss
 *(.bss)
 .bss           0x0000000020000048       0x1c F:/STM32CubeIDE_1.13.2/STM32CubeIDE/plugins/com.st.stm32cube.ide.mcu.externaltools.gnu-tools-for-stm32.11.3.rel1.win32_1.1.1.202309131626/tools/bin/../lib/gcc/arm-none-eabi/11.3.1/thumb/v7e-m+fp/hard/crtbegin.o
 *(.bss*)
 .bss.ULTRA_STRUCT
                0x0000000020000064        0xc ./Src/HAL/Ultrasonic/Ultrasonic_program.o
                0x0000000020000064                ULTRA_STRUCT
 .bss.EXTI0_CallBack
                0x0000000020000070        0x4 ./Src/MCAL/MEXTI/MEXTI_program.o
 .bss.EXTI1_CallBack
                0x0000000020000074        0x4 ./Src/MCAL/MEXTI/MEXTI_program.o
 .bss.EXTI2_CallBack
                0x0000000020000078        0x4 ./Src/MCAL/MEXTI/MEXTI_program.o
 .bss.EXTI3_CallBack
                0x000000002000007c        0x4 ./Src/MCAL/MEXTI/MEXTI_program.o
 .bss.EXTI4_CallBack
                0x0000000020000080        0x4 ./Src/MCAL/MEXTI/MEXTI_program.o
 .bss.MSTK_CallBack
                0x0000000020000084        0x4 ./Src/MCAL/MSTK/MSYSTICK_Program.o
 .bss.MSTK_u8ModeOfInterval
                0x0000000020000088        0x1 ./Src/MCAL/MSTK/MSYSTICK_Program.o
 *fill*         0x0000000020000089        0x3 
 .bss.GLOBAL_Ptr
                0x000000002000008c       0x20 ./Src/MCAL/MTIMER/MTIMER_program.o
 .bss.Time      0x00000000200000ac       0x74 ./Src/MCAL/MTIMER/MTIMER_program.o
                0x00000000200000ac                Time
 .bss.captureState.2
                0x0000000020000120       0x1d ./Src/MCAL/MTIMER/MTIMER_program.o
 *fill*         0x000000002000013d        0x3 
 .bss.captureValue1.1
                0x0000000020000140       0x74 ./Src/MCAL/MTIMER/MTIMER_program.o
 .bss.captureValue2.0
                0x00000000200001b4       0x74 ./Src/MCAL/MTIMER/MTIMER_program.o
 .bss.USART_USART1Function
                0x0000000020000228        0x4 ./Src/MCAL/MUSART/MUSART_Program.o
                0x0000000020000228                USART_USART1Function
 .bss.USART_USART2Function
                0x000000002000022c        0x4 ./Src/MCAL/MUSART/MUSART_Program.o
                0x000000002000022c                USART_USART2Function
 .bss.USART_USART6Function
                0x0000000020000230        0x4 ./Src/MCAL/MUSART/MUSART_Program.o
                0x0000000020000230                USART_USART6Function
 .bss.R_data    0x0000000020000234        0x1 ./Src/main.o
                0x0000000020000234                R_data
 .bss.R_data_Flag
                0x0000000020000235        0x1 ./Src/main.o
                0x0000000020000235                R_data_Flag
 *fill*         0x0000000020000236        0x2 
 .bss.Distance_F
                0x0000000020000238        0x8 ./Src/main.o
                0x0000000020000238                Distance_F
 *(COMMON)
                0x0000000020000240                . = ALIGN (0x4)
                0x0000000020000240                _ebss = .
                0x0000000020000240                __bss_end__ = _ebss

._user_heap_stack
                0x0000000020000240      0x600 load address 0x0000000008002a40
                0x0000000020000240                . = ALIGN (0x8)
                [!provide]                        PROVIDE (end = .)
                0x0000000020000240                PROVIDE (_end = .)
                0x0000000020000440                . = (. + _Min_Heap_Size)
 *fill*         0x0000000020000240      0x200 
                0x0000000020000840                . = (. + _Min_Stack_Size)
 *fill*         0x0000000020000440      0x400 
                0x0000000020000840                . = ALIGN (0x8)

/DISCARD/
 libc.a(*)
 libm.a(*)
 libgcc.a(*)

.ARM.attributes
                0x0000000000000000       0x30
 *(.ARM.attributes)
 .ARM.attributes
                0x0000000000000000       0x1e F:/STM32CubeIDE_1.13.2/STM32CubeIDE/plugins/com.st.stm32cube.ide.mcu.externaltools.gnu-tools-for-stm32.11.3.rel1.win32_1.1.1.202309131626/tools/bin/../lib/gcc/arm-none-eabi/11.3.1/thumb/v7e-m+fp/hard/crti.o
 .ARM.attributes
                0x000000000000001e       0x34 F:/STM32CubeIDE_1.13.2/STM32CubeIDE/plugins/com.st.stm32cube.ide.mcu.externaltools.gnu-tools-for-stm32.11.3.rel1.win32_1.1.1.202309131626/tools/bin/../lib/gcc/arm-none-eabi/11.3.1/thumb/v7e-m+fp/hard/crtbegin.o
 .ARM.attributes
                0x0000000000000052       0x34 ./Src/HAL/LED/LED_program.o
 .ARM.attributes
                0x0000000000000086       0x34 ./Src/HAL/MotorDriver/MotorDriver_program.o
 .ARM.attributes
                0x00000000000000ba       0x34 ./Src/HAL/Ultrasonic/Ultrasonic_program.o
 .ARM.attributes
                0x00000000000000ee       0x34 ./Src/MCAL/MEXTI/MEXTI_program.o
 .ARM.attributes
                0x0000000000000122       0x34 ./Src/MCAL/MGPIO/MGPIO_program.o
 .ARM.attributes
                0x0000000000000156       0x34 ./Src/MCAL/MNVIC/MNVIC_Program.o
 .ARM.attributes
                0x000000000000018a       0x34 ./Src/MCAL/MRCC/MRCC_program.o
 .ARM.attributes
                0x00000000000001be       0x34 ./Src/MCAL/MSTK/MSYSTICK_Program.o
 .ARM.attributes
                0x00000000000001f2       0x34 ./Src/MCAL/MTIMER/MTIMER_program.o
 .ARM.attributes
                0x0000000000000226       0x34 ./Src/MCAL/MUSART/MUSART_Program.o
 .ARM.attributes
                0x000000000000025a       0x34 ./Src/main.o
 .ARM.attributes
                0x000000000000028e       0x21 ./Startup/startup_stm32f401rctx.o
 .ARM.attributes
                0x00000000000002af       0x34 F:/STM32CubeIDE_1.13.2/STM32CubeIDE/plugins/com.st.stm32cube.ide.mcu.externaltools.gnu-tools-for-stm32.11.3.rel1.win32_1.1.1.202309131626/tools/bin/../lib/gcc/arm-none-eabi/11.3.1/../../../../arm-none-eabi/lib/thumb/v7e-m+fp/hard\libc_nano.a(libc_a-init.o)
 .ARM.attributes
                0x00000000000002e3       0x1e F:/STM32CubeIDE_1.13.2/STM32CubeIDE/plugins/com.st.stm32cube.ide.mcu.externaltools.gnu-tools-for-stm32.11.3.rel1.win32_1.1.1.202309131626/tools/bin/../lib/gcc/arm-none-eabi/11.3.1/thumb/v7e-m+fp/hard\libgcc.a(_arm_addsubdf3.o)
 .ARM.attributes
                0x0000000000000301       0x1e F:/STM32CubeIDE_1.13.2/STM32CubeIDE/plugins/com.st.stm32cube.ide.mcu.externaltools.gnu-tools-for-stm32.11.3.rel1.win32_1.1.1.202309131626/tools/bin/../lib/gcc/arm-none-eabi/11.3.1/thumb/v7e-m+fp/hard\libgcc.a(_arm_muldivdf3.o)
 .ARM.attributes
                0x000000000000031f       0x1e F:/STM32CubeIDE_1.13.2/STM32CubeIDE/plugins/com.st.stm32cube.ide.mcu.externaltools.gnu-tools-for-stm32.11.3.rel1.win32_1.1.1.202309131626/tools/bin/../lib/gcc/arm-none-eabi/11.3.1/thumb/v7e-m+fp/hard\libgcc.a(_arm_cmpdf2.o)
 .ARM.attributes
                0x000000000000033d       0x1e F:/STM32CubeIDE_1.13.2/STM32CubeIDE/plugins/com.st.stm32cube.ide.mcu.externaltools.gnu-tools-for-stm32.11.3.rel1.win32_1.1.1.202309131626/tools/bin/../lib/gcc/arm-none-eabi/11.3.1/thumb/v7e-m+fp/hard/crtn.o
OUTPUT(autopark_v00.elf elf32-littlearm)
LOAD linker stubs
LOAD F:/STM32CubeIDE_1.13.2/STM32CubeIDE/plugins/com.st.stm32cube.ide.mcu.externaltools.gnu-tools-for-stm32.11.3.rel1.win32_1.1.1.202309131626/tools/bin/../lib/gcc/arm-none-eabi/11.3.1/../../../../arm-none-eabi/lib/thumb/v7e-m+fp/hard\libc.a
LOAD F:/STM32CubeIDE_1.13.2/STM32CubeIDE/plugins/com.st.stm32cube.ide.mcu.externaltools.gnu-tools-for-stm32.11.3.rel1.win32_1.1.1.202309131626/tools/bin/../lib/gcc/arm-none-eabi/11.3.1/../../../../arm-none-eabi/lib/thumb/v7e-m+fp/hard\libm.a
LOAD F:/STM32CubeIDE_1.13.2/STM32CubeIDE/plugins/com.st.stm32cube.ide.mcu.externaltools.gnu-tools-for-stm32.11.3.rel1.win32_1.1.1.202309131626/tools/bin/../lib/gcc/arm-none-eabi/11.3.1/thumb/v7e-m+fp/hard\libgcc.a

.comment        0x0000000000000000       0x43
 .comment       0x0000000000000000       0x43 F:/STM32CubeIDE_1.13.2/STM32CubeIDE/plugins/com.st.stm32cube.ide.mcu.externaltools.gnu-tools-for-stm32.11.3.rel1.win32_1.1.1.202309131626/tools/bin/../lib/gcc/arm-none-eabi/11.3.1/thumb/v7e-m+fp/hard/crtbegin.o
                                         0x44 (size before relaxing)
 .comment       0x0000000000000043       0x44 ./Src/HAL/LED/LED_program.o
 .comment       0x0000000000000043       0x44 ./Src/HAL/MotorDriver/MotorDriver_program.o
 .comment       0x0000000000000043       0x44 ./Src/HAL/Ultrasonic/Ultrasonic_program.o
 .comment       0x0000000000000043       0x44 ./Src/MCAL/MEXTI/MEXTI_program.o
 .comment       0x0000000000000043       0x44 ./Src/MCAL/MGPIO/MGPIO_program.o
 .comment       0x0000000000000043       0x44 ./Src/MCAL/MNVIC/MNVIC_Program.o
 .comment       0x0000000000000043       0x44 ./Src/MCAL/MRCC/MRCC_program.o
 .comment       0x0000000000000043       0x44 ./Src/MCAL/MSTK/MSYSTICK_Program.o
 .comment       0x0000000000000043       0x44 ./Src/MCAL/MTIMER/MTIMER_program.o
 .comment       0x0000000000000043       0x44 ./Src/MCAL/MUSART/MUSART_Program.o
 .comment       0x0000000000000043       0x44 ./Src/main.o

.debug_info     0x0000000000000000     0x33ee
 .debug_info    0x0000000000000000      0x249 ./Src/HAL/LED/LED_program.o
 .debug_info    0x0000000000000249      0x378 ./Src/HAL/MotorDriver/MotorDriver_program.o
 .debug_info    0x00000000000005c1      0x3c3 ./Src/HAL/Ultrasonic/Ultrasonic_program.o
 .debug_info    0x0000000000000984      0x466 ./Src/MCAL/MEXTI/MEXTI_program.o
 .debug_info    0x0000000000000dea      0x3f8 ./Src/MCAL/MGPIO/MGPIO_program.o
 .debug_info    0x00000000000011e2      0x3e3 ./Src/MCAL/MNVIC/MNVIC_Program.o
 .debug_info    0x00000000000015c5      0x466 ./Src/MCAL/MRCC/MRCC_program.o
 .debug_info    0x0000000000001a2b      0x300 ./Src/MCAL/MSTK/MSYSTICK_Program.o
 .debug_info    0x0000000000001d2b      0xaa2 ./Src/MCAL/MTIMER/MTIMER_program.o
 .debug_info    0x00000000000027cd      0x592 ./Src/MCAL/MUSART/MUSART_Program.o
 .debug_info    0x0000000000002d5f      0x66d ./Src/main.o
 .debug_info    0x00000000000033cc       0x22 ./Startup/startup_stm32f401rctx.o

.debug_abbrev   0x0000000000000000      0xdf3
 .debug_abbrev  0x0000000000000000       0xed ./Src/HAL/LED/LED_program.o
 .debug_abbrev  0x00000000000000ed      0x124 ./Src/HAL/MotorDriver/MotorDriver_program.o
 .debug_abbrev  0x0000000000000211      0x14e ./Src/HAL/Ultrasonic/Ultrasonic_program.o
 .debug_abbrev  0x000000000000035f      0x129 ./Src/MCAL/MEXTI/MEXTI_program.o
 .debug_abbrev  0x0000000000000488       0xf0 ./Src/MCAL/MGPIO/MGPIO_program.o
 .debug_abbrev  0x0000000000000578      0x10b ./Src/MCAL/MNVIC/MNVIC_Program.o
 .debug_abbrev  0x0000000000000683      0x109 ./Src/MCAL/MRCC/MRCC_program.o
 .debug_abbrev  0x000000000000078c      0x138 ./Src/MCAL/MSTK/MSYSTICK_Program.o
 .debug_abbrev  0x00000000000008c4      0x1f2 ./Src/MCAL/MTIMER/MTIMER_program.o
 .debug_abbrev  0x0000000000000ab6      0x1c9 ./Src/MCAL/MUSART/MUSART_Program.o
 .debug_abbrev  0x0000000000000c7f      0x162 ./Src/main.o
 .debug_abbrev  0x0000000000000de1       0x12 ./Startup/startup_stm32f401rctx.o

.debug_loc      0x0000000000000000     0x1dd6
 .debug_loc     0x0000000000000000      0x190 ./Src/HAL/LED/LED_program.o
 .debug_loc     0x0000000000000190       0xf0 ./Src/HAL/MotorDriver/MotorDriver_program.o
 .debug_loc     0x0000000000000280       0xf0 ./Src/HAL/Ultrasonic/Ultrasonic_program.o
 .debug_loc     0x0000000000000370      0x474 ./Src/MCAL/MEXTI/MEXTI_program.o
 .debug_loc     0x00000000000007e4      0x398 ./Src/MCAL/MGPIO/MGPIO_program.o
 .debug_loc     0x0000000000000b7c      0x33c ./Src/MCAL/MNVIC/MNVIC_Program.o
 .debug_loc     0x0000000000000eb8      0x1e0 ./Src/MCAL/MRCC/MRCC_program.o
 .debug_loc     0x0000000000001098      0x3e4 ./Src/MCAL/MSTK/MSYSTICK_Program.o
 .debug_loc     0x000000000000147c      0x4a6 ./Src/MCAL/MTIMER/MTIMER_program.o
 .debug_loc     0x0000000000001922      0x430 ./Src/MCAL/MUSART/MUSART_Program.o
 .debug_loc     0x0000000000001d52       0x84 ./Src/main.o

.debug_aranges  0x0000000000000000      0x440
 .debug_aranges
                0x0000000000000000       0x40 ./Src/HAL/LED/LED_program.o
 .debug_aranges
                0x0000000000000040       0x30 ./Src/HAL/MotorDriver/MotorDriver_program.o
 .debug_aranges
                0x0000000000000070       0x30 ./Src/HAL/Ultrasonic/Ultrasonic_program.o
 .debug_aranges
                0x00000000000000a0       0x90 ./Src/MCAL/MEXTI/MEXTI_program.o
 .debug_aranges
                0x0000000000000130       0x68 ./Src/MCAL/MGPIO/MGPIO_program.o
 .debug_aranges
                0x0000000000000198       0x60 ./Src/MCAL/MNVIC/MNVIC_Program.o
 .debug_aranges
                0x00000000000001f8       0x48 ./Src/MCAL/MRCC/MRCC_program.o
 .debug_aranges
                0x0000000000000240       0x78 ./Src/MCAL/MSTK/MSYSTICK_Program.o
 .debug_aranges
                0x00000000000002b8       0xa8 ./Src/MCAL/MTIMER/MTIMER_program.o
 .debug_aranges
                0x0000000000000360       0x88 ./Src/MCAL/MUSART/MUSART_Program.o
 .debug_aranges
                0x00000000000003e8       0x30 ./Src/main.o
 .debug_aranges
                0x0000000000000418       0x28 ./Startup/startup_stm32f401rctx.o

.debug_ranges   0x0000000000000000      0x388
 .debug_ranges  0x0000000000000000       0x30 ./Src/HAL/LED/LED_program.o
 .debug_ranges  0x0000000000000030       0x20 ./Src/HAL/MotorDriver/MotorDriver_program.o
 .debug_ranges  0x0000000000000050       0x20 ./Src/HAL/Ultrasonic/Ultrasonic_program.o
 .debug_ranges  0x0000000000000070       0x80 ./Src/MCAL/MEXTI/MEXTI_program.o
 .debug_ranges  0x00000000000000f0       0x58 ./Src/MCAL/MGPIO/MGPIO_program.o
 .debug_ranges  0x0000000000000148       0x50 ./Src/MCAL/MNVIC/MNVIC_Program.o
 .debug_ranges  0x0000000000000198       0x38 ./Src/MCAL/MRCC/MRCC_program.o
 .debug_ranges  0x00000000000001d0       0x68 ./Src/MCAL/MSTK/MSYSTICK_Program.o
 .debug_ranges  0x0000000000000238       0x98 ./Src/MCAL/MTIMER/MTIMER_program.o
 .debug_ranges  0x00000000000002d0       0x78 ./Src/MCAL/MUSART/MUSART_Program.o
 .debug_ranges  0x0000000000000348       0x20 ./Src/main.o
 .debug_ranges  0x0000000000000368       0x20 ./Startup/startup_stm32f401rctx.o

.debug_macro    0x0000000000000000     0x1cb0
 .debug_macro   0x0000000000000000       0x94 ./Src/HAL/LED/LED_program.o
 .debug_macro   0x0000000000000094      0xaae ./Src/HAL/LED/LED_program.o
 .debug_macro   0x0000000000000b42       0x1c ./Src/HAL/LED/LED_program.o
 .debug_macro   0x0000000000000b5e       0x46 ./Src/HAL/LED/LED_program.o
 .debug_macro   0x0000000000000ba4      0x1c0 ./Src/HAL/LED/LED_program.o
 .debug_macro   0x0000000000000d64      0x142 ./Src/HAL/LED/LED_program.o
 .debug_macro   0x0000000000000ea6       0x9a ./Src/HAL/LED/LED_program.o
 .debug_macro   0x0000000000000f40       0x1c ./Src/HAL/LED/LED_program.o
 .debug_macro   0x0000000000000f5c      0x177 ./Src/HAL/LED/LED_program.o
 .debug_macro   0x00000000000010d3       0xc7 ./Src/HAL/MotorDriver/MotorDriver_program.o
 .debug_macro   0x000000000000119a       0x88 ./Src/HAL/MotorDriver/MotorDriver_program.o
 .debug_macro   0x0000000000001222      0x190 ./Src/HAL/MotorDriver/MotorDriver_program.o
 .debug_macro   0x00000000000013b2       0x16 ./Src/HAL/MotorDriver/MotorDriver_program.o
 .debug_macro   0x00000000000013c8       0xab ./Src/HAL/Ultrasonic/Ultrasonic_program.o
 .debug_macro   0x0000000000001473       0x16 ./Src/HAL/Ultrasonic/Ultrasonic_program.o
 .debug_macro   0x0000000000001489       0x3f ./Src/MCAL/MEXTI/MEXTI_program.o
 .debug_macro   0x00000000000014c8       0x4c ./Src/MCAL/MEXTI/MEXTI_program.o
 .debug_macro   0x0000000000001514       0x45 ./Src/MCAL/MGPIO/MGPIO_program.o
 .debug_macro   0x0000000000001559       0x3f ./Src/MCAL/MNVIC/MNVIC_Program.o
 .debug_macro   0x0000000000001598       0x22 ./Src/MCAL/MNVIC/MNVIC_Program.o
 .debug_macro   0x00000000000015ba       0x44 ./Src/MCAL/MRCC/MRCC_program.o
 .debug_macro   0x00000000000015fe       0x3f ./Src/MCAL/MSTK/MSYSTICK_Program.o
 .debug_macro   0x000000000000163d       0x16 ./Src/MCAL/MSTK/MSYSTICK_Program.o
 .debug_macro   0x0000000000001653       0x34 ./Src/MCAL/MSTK/MSYSTICK_Program.o
 .debug_macro   0x0000000000001687       0x69 ./Src/MCAL/MTIMER/MTIMER_program.o
 .debug_macro   0x00000000000016f0       0x10 ./Src/MCAL/MTIMER/MTIMER_program.o
 .debug_macro   0x0000000000001700      0x11a ./Src/MCAL/MTIMER/MTIMER_program.o
 .debug_macro   0x000000000000181a       0x3e ./Src/MCAL/MUSART/MUSART_Program.o
 .debug_macro   0x0000000000001858       0x34 ./Src/MCAL/MUSART/MUSART_Program.o
 .debug_macro   0x000000000000188c       0x2e ./Src/MCAL/MUSART/MUSART_Program.o
 .debug_macro   0x00000000000018ba      0x124 ./Src/MCAL/MUSART/MUSART_Program.o
 .debug_macro   0x00000000000019de      0x142 ./Src/main.o
 .debug_macro   0x0000000000001b20      0x190 ./Src/main.o

.debug_line     0x0000000000000000     0x2c7c
 .debug_line    0x0000000000000000      0x290 ./Src/HAL/LED/LED_program.o
 .debug_line    0x0000000000000290      0x4b0 ./Src/HAL/MotorDriver/MotorDriver_program.o
 .debug_line    0x0000000000000740      0x3b9 ./Src/HAL/Ultrasonic/Ultrasonic_program.o
 .debug_line    0x0000000000000af9      0x2ef ./Src/MCAL/MEXTI/MEXTI_program.o
 .debug_line    0x0000000000000de8      0x672 ./Src/MCAL/MGPIO/MGPIO_program.o
 .debug_line    0x000000000000145a      0x2a9 ./Src/MCAL/MNVIC/MNVIC_Program.o
 .debug_line    0x0000000000001703      0x1ca ./Src/MCAL/MRCC/MRCC_program.o
 .debug_line    0x00000000000018cd      0x2a9 ./Src/MCAL/MSTK/MSYSTICK_Program.o
 .debug_line    0x0000000000001b76      0x675 ./Src/MCAL/MTIMER/MTIMER_program.o
 .debug_line    0x00000000000021eb      0x322 ./Src/MCAL/MUSART/MUSART_Program.o
 .debug_line    0x000000000000250d      0x6eb ./Src/main.o
 .debug_line    0x0000000000002bf8       0x84 ./Startup/startup_stm32f401rctx.o

.debug_str      0x0000000000000000     0x7586
 .debug_str     0x0000000000000000     0x4d7e ./Src/HAL/LED/LED_program.o
                                       0x4e02 (size before relaxing)
 .debug_str     0x0000000000004d7e      0x7e4 ./Src/HAL/MotorDriver/MotorDriver_program.o
                                       0x5517 (size before relaxing)
 .debug_str     0x0000000000005562      0x25b ./Src/HAL/Ultrasonic/Ultrasonic_program.o
                                       0x5029 (size before relaxing)
 .debug_str     0x00000000000057bd      0x423 ./Src/MCAL/MEXTI/MEXTI_program.o
                                       0x3522 (size before relaxing)
 .debug_str     0x0000000000005be0      0x17f ./Src/MCAL/MGPIO/MGPIO_program.o
                                       0x4498 (size before relaxing)
 .debug_str     0x0000000000005d5f      0x32e ./Src/MCAL/MNVIC/MNVIC_Program.o
                                       0x3812 (size before relaxing)
 .debug_str     0x000000000000608d      0x1fc ./Src/MCAL/MRCC/MRCC_program.o
                                       0x3ceb (size before relaxing)
 .debug_str     0x0000000000006289      0x299 ./Src/MCAL/MSTK/MSYSTICK_Program.o
                                       0x32db (size before relaxing)
 .debug_str     0x0000000000006522      0x739 ./Src/MCAL/MTIMER/MTIMER_program.o
                                       0x4b51 (size before relaxing)
 .debug_str     0x0000000000006c5b      0x842 ./Src/MCAL/MUSART/MUSART_Program.o
                                       0x386d (size before relaxing)
 .debug_str     0x000000000000749d       0xba ./Src/main.o
                                       0x58bf (size before relaxing)
 .debug_str     0x0000000000007557       0x2f ./Startup/startup_stm32f401rctx.o
                                         0x63 (size before relaxing)

.debug_frame    0x0000000000000000     0x1078
 .debug_frame   0x0000000000000000       0xc4 ./Src/HAL/LED/LED_program.o
 .debug_frame   0x00000000000000c4       0x7c ./Src/HAL/MotorDriver/MotorDriver_program.o
 .debug_frame   0x0000000000000140       0x7c ./Src/HAL/Ultrasonic/Ultrasonic_program.o
 .debug_frame   0x00000000000001bc      0x22c ./Src/MCAL/MEXTI/MEXTI_program.o
 .debug_frame   0x00000000000003e8      0x1a0 ./Src/MCAL/MGPIO/MGPIO_program.o
 .debug_frame   0x0000000000000588      0x178 ./Src/MCAL/MNVIC/MNVIC_Program.o
 .debug_frame   0x0000000000000700       0xe8 ./Src/MCAL/MRCC/MRCC_program.o
 .debug_frame   0x00000000000007e8      0x1cc ./Src/MCAL/MSTK/MSYSTICK_Program.o
 .debug_frame   0x00000000000009b4      0x270 ./Src/MCAL/MTIMER/MTIMER_program.o
 .debug_frame   0x0000000000000c24      0x204 ./Src/MCAL/MUSART/MUSART_Program.o
 .debug_frame   0x0000000000000e28       0x64 ./Src/main.o
 .debug_frame   0x0000000000000e8c       0x2c F:/STM32CubeIDE_1.13.2/STM32CubeIDE/plugins/com.st.stm32cube.ide.mcu.externaltools.gnu-tools-for-stm32.11.3.rel1.win32_1.1.1.202309131626/tools/bin/../lib/gcc/arm-none-eabi/11.3.1/../../../../arm-none-eabi/lib/thumb/v7e-m+fp/hard\libc_nano.a(libc_a-init.o)
 .debug_frame   0x0000000000000eb8       0xac F:/STM32CubeIDE_1.13.2/STM32CubeIDE/plugins/com.st.stm32cube.ide.mcu.externaltools.gnu-tools-for-stm32.11.3.rel1.win32_1.1.1.202309131626/tools/bin/../lib/gcc/arm-none-eabi/11.3.1/thumb/v7e-m+fp/hard\libgcc.a(_arm_addsubdf3.o)
 .debug_frame   0x0000000000000f64       0x50 F:/STM32CubeIDE_1.13.2/STM32CubeIDE/plugins/com.st.stm32cube.ide.mcu.externaltools.gnu-tools-for-stm32.11.3.rel1.win32_1.1.1.202309131626/tools/bin/../lib/gcc/arm-none-eabi/11.3.1/thumb/v7e-m+fp/hard\libgcc.a(_arm_muldivdf3.o)
 .debug_frame   0x0000000000000fb4       0xc4 F:/STM32CubeIDE_1.13.2/STM32CubeIDE/plugins/com.st.stm32cube.ide.mcu.externaltools.gnu-tools-for-stm32.11.3.rel1.win32_1.1.1.202309131626/tools/bin/../lib/gcc/arm-none-eabi/11.3.1/thumb/v7e-m+fp/hard\libgcc.a(_arm_cmpdf2.o)
