../Src/MCAL/MTIMER/MTIMER_program.c:40:25:GET_TIMER	64	static
../Src/MCAL/MTIMER/MTIMER_program.c:55:6:MTIMER_vStartTime	24	static
../Src/MCAL/MTIMER/MTIMER_program.c:79:6:MTIMER_vCntTimer	24	static
../Src/MCAL/MTIMER/MTIMER_program.c:100:6:MTIMER_vDelayms	24	static
../Src/MCAL/MTIMER/MTIMER_program.c:137:6:MTIMER_vPeriodicMS	24	static
../Src/MCAL/MTIMER/MTIMER_program.c:164:6:MTIMER_vPWM	32	static
../Src/MCAL/MTIMER/MTIMER_program.c:219:6:MTIMER_vICU	24	static
../Src/MCAL/MTIMER/MTIMER_program.c:270:13:LOC_TIMER_ICU	24	static
../Src/MCAL/MTIMER/MTIMER_program.c:303:5:MTIMER_GET_ICU	16	static
../Src/MCAL/MTIMER/MTIMER_program.c:311:6:MTIMER_CallBack	16	static
../Src/MCAL/MTIMER/MTIMER_program.c:322:6:TIM1_UP_TIM10_IRQHandler	8	static
../Src/MCAL/MTIMER/MTIMER_program.c:371:6:TIM1_TRG_COM_TIM11_IRQHandler	8	static
../Src/MCAL/MTIMER/MTIMER_program.c:413:6:TIM1_BRK_TIM9_IRQHandler	8	static
../Src/MCAL/MTIMER/MTIMER_program.c:463:6:TIM1_CC_IRQHandler	8	static
../Src/MCAL/MTIMER/MTIMER_program.c:504:6:TIM2_IRQHandler	8	static
../Src/MCAL/MTIMER/MTIMER_program.c:560:6:TIM3_IRQHandler	8	static
../Src/MCAL/MTIMER/MTIMER_program.c:615:6:TIM4_IRQHandler	8	static
../Src/MCAL/MTIMER/MTIMER_program.c:671:6:TIM5_IRQHandler	8	static
