Archive member included to satisfy reference by file (symbol)

F:/STM32CubeIDE_1.13.2/STM32CubeIDE/plugins/com.st.stm32cube.ide.mcu.externaltools.gnu-tools-for-stm32.11.3.rel1.win32_1.1.1.202309131626/tools/bin/../lib/gcc/arm-none-eabi/11.3.1/../../../../arm-none-eabi/lib/thumb/v7e-m+fp/hard\libc_nano.a(libc_a-exit.o)
                              F:/STM32CubeIDE_1.13.2/STM32CubeIDE/plugins/com.st.stm32cube.ide.mcu.externaltools.gnu-tools-for-stm32.11.3.rel1.win32_1.1.1.202309131626/tools/bin/../lib/gcc/arm-none-eabi/11.3.1/../../../../arm-none-eabi/lib/thumb/v7e-m+fp/hard/crt0.o (exit)
F:/STM32CubeIDE_1.13.2/STM32CubeIDE/plugins/com.st.stm32cube.ide.mcu.externaltools.gnu-tools-for-stm32.11.3.rel1.win32_1.1.1.202309131626/tools/bin/../lib/gcc/arm-none-eabi/11.3.1/../../../../arm-none-eabi/lib/thumb/v7e-m+fp/hard\libc_nano.a(libc_a-findfp.o)
                              F:/STM32CubeIDE_1.13.2/STM32CubeIDE/plugins/com.st.stm32cube.ide.mcu.externaltools.gnu-tools-for-stm32.11.3.rel1.win32_1.1.1.202309131626/tools/bin/../lib/gcc/arm-none-eabi/11.3.1/../../../../arm-none-eabi/lib/thumb/v7e-m+fp/hard\libc_nano.a(libc_a-exit.o) (__stdio_exit_handler)
F:/STM32CubeIDE_1.13.2/STM32CubeIDE/plugins/com.st.stm32cube.ide.mcu.externaltools.gnu-tools-for-stm32.11.3.rel1.win32_1.1.1.202309131626/tools/bin/../lib/gcc/arm-none-eabi/11.3.1/../../../../arm-none-eabi/lib/thumb/v7e-m+fp/hard\libc_nano.a(libc_a-fwalk.o)
                              F:/STM32CubeIDE_1.13.2/STM32CubeIDE/plugins/com.st.stm32cube.ide.mcu.externaltools.gnu-tools-for-stm32.11.3.rel1.win32_1.1.1.202309131626/tools/bin/../lib/gcc/arm-none-eabi/11.3.1/../../../../arm-none-eabi/lib/thumb/v7e-m+fp/hard\libc_nano.a(libc_a-findfp.o) (_fwalk_sglue)
F:/STM32CubeIDE_1.13.2/STM32CubeIDE/plugins/com.st.stm32cube.ide.mcu.externaltools.gnu-tools-for-stm32.11.3.rel1.win32_1.1.1.202309131626/tools/bin/../lib/gcc/arm-none-eabi/11.3.1/../../../../arm-none-eabi/lib/thumb/v7e-m+fp/hard\libc_nano.a(libc_a-stdio.o)
                              F:/STM32CubeIDE_1.13.2/STM32CubeIDE/plugins/com.st.stm32cube.ide.mcu.externaltools.gnu-tools-for-stm32.11.3.rel1.win32_1.1.1.202309131626/tools/bin/../lib/gcc/arm-none-eabi/11.3.1/../../../../arm-none-eabi/lib/thumb/v7e-m+fp/hard\libc_nano.a(libc_a-findfp.o) (__sread)
F:/STM32CubeIDE_1.13.2/STM32CubeIDE/plugins/com.st.stm32cube.ide.mcu.externaltools.gnu-tools-for-stm32.11.3.rel1.win32_1.1.1.202309131626/tools/bin/../lib/gcc/arm-none-eabi/11.3.1/../../../../arm-none-eabi/lib/thumb/v7e-m+fp/hard\libc_nano.a(libc_a-memset.o)
                              F:/STM32CubeIDE_1.13.2/STM32CubeIDE/plugins/com.st.stm32cube.ide.mcu.externaltools.gnu-tools-for-stm32.11.3.rel1.win32_1.1.1.202309131626/tools/bin/../lib/gcc/arm-none-eabi/11.3.1/../../../../arm-none-eabi/lib/thumb/v7e-m+fp/hard/crt0.o (memset)
F:/STM32CubeIDE_1.13.2/STM32CubeIDE/plugins/com.st.stm32cube.ide.mcu.externaltools.gnu-tools-for-stm32.11.3.rel1.win32_1.1.1.202309131626/tools/bin/../lib/gcc/arm-none-eabi/11.3.1/../../../../arm-none-eabi/lib/thumb/v7e-m+fp/hard\libc_nano.a(libc_a-closer.o)
                              F:/STM32CubeIDE_1.13.2/STM32CubeIDE/plugins/com.st.stm32cube.ide.mcu.externaltools.gnu-tools-for-stm32.11.3.rel1.win32_1.1.1.202309131626/tools/bin/../lib/gcc/arm-none-eabi/11.3.1/../../../../arm-none-eabi/lib/thumb/v7e-m+fp/hard\libc_nano.a(libc_a-stdio.o) (_close_r)
F:/STM32CubeIDE_1.13.2/STM32CubeIDE/plugins/com.st.stm32cube.ide.mcu.externaltools.gnu-tools-for-stm32.11.3.rel1.win32_1.1.1.202309131626/tools/bin/../lib/gcc/arm-none-eabi/11.3.1/../../../../arm-none-eabi/lib/thumb/v7e-m+fp/hard\libc_nano.a(libc_a-reent.o)
                              F:/STM32CubeIDE_1.13.2/STM32CubeIDE/plugins/com.st.stm32cube.ide.mcu.externaltools.gnu-tools-for-stm32.11.3.rel1.win32_1.1.1.202309131626/tools/bin/../lib/gcc/arm-none-eabi/11.3.1/../../../../arm-none-eabi/lib/thumb/v7e-m+fp/hard\libc_nano.a(libc_a-closer.o) (errno)
F:/STM32CubeIDE_1.13.2/STM32CubeIDE/plugins/com.st.stm32cube.ide.mcu.externaltools.gnu-tools-for-stm32.11.3.rel1.win32_1.1.1.202309131626/tools/bin/../lib/gcc/arm-none-eabi/11.3.1/../../../../arm-none-eabi/lib/thumb/v7e-m+fp/hard\libc_nano.a(libc_a-impure.o)
                              F:/STM32CubeIDE_1.13.2/STM32CubeIDE/plugins/com.st.stm32cube.ide.mcu.externaltools.gnu-tools-for-stm32.11.3.rel1.win32_1.1.1.202309131626/tools/bin/../lib/gcc/arm-none-eabi/11.3.1/../../../../arm-none-eabi/lib/thumb/v7e-m+fp/hard\libc_nano.a(libc_a-reent.o) (_impure_ptr)
F:/STM32CubeIDE_1.13.2/STM32CubeIDE/plugins/com.st.stm32cube.ide.mcu.externaltools.gnu-tools-for-stm32.11.3.rel1.win32_1.1.1.202309131626/tools/bin/../lib/gcc/arm-none-eabi/11.3.1/../../../../arm-none-eabi/lib/thumb/v7e-m+fp/hard\libc_nano.a(libc_a-lseekr.o)
[...]
Memory Configuration

Name             Origin             Length             Attributes
RAM              0x0000000020000000 0x0000000000010000 xrw
FLASH            0x0000000008000000 0x0000000000004000 xr
*default*        0x0000000000000000 0xffffffffffffffff

Linker script and memory map

LOAD F:/STM32CubeIDE_1.13.2/STM32CubeIDE/plugins/com.st.stm32cube.ide.mcu.externaltools.gnu-tools-for-stm32.11.3.rel1.win32_1.1.1.202309131626/tools/bin/../lib/gcc/arm-none-eabi/11.3.1/thumb/v7e-m+fp/hard/crti.o
LOAD F:/STM32CubeIDE_1.13.2/STM32CubeIDE/plugins/com.st.stm32cube.ide.mcu.externaltools.gnu-tools-for-stm32.11.3.rel1.win32_1.1.1.202309131626/tools/bin/../lib/gcc/arm-none-eabi/11.3.1/thumb/v7e-m+fp/hard/crtbegin.o
LOAD F:/STM32CubeIDE_1.13.2/STM32CubeIDE/plugins/com.st.stm32cube.ide.mcu.externaltools.gnu-tools-for-stm32.11.3.rel1.win32_1.1.1.202309131626/tools/bin/../lib/gcc/arm-none-eabi/11.3.1/../../../../arm-none-eabi/lib/thumb/v7e-m+fp/hard/crt0.o
LOAD ./Src/APP/BootLoader/BootLoader_program.o
LOAD ./Src/APP/HexParser/HexParser_program.o
LOAD ./Src/HAL/LED/LED_program.o
LOAD ./Src/HAL/PushB/PushB_program.o
LOAD ./Src/MCAL/MEXTI/MEXTI_program.o
LOAD ./Src/MCAL/MFMI/MFMI_program.o
LOAD ./Src/MCAL/MGPIO/MGPIO_program.o
LOAD ./Src/MCAL/MNVIC/MNVIC_Program.o
LOAD ./Src/MCAL/MRCC/MRCC_program.o
LOAD ./Src/MCAL/MSTK/MSYSTICK_Program.o
LOAD ./Src/MCAL/MUSART/MUSART_Program.o
LOAD ./Src/main.o
LOAD ./Src/syscalls.o
LOAD ./Src/sysmem.o
LOAD ./Startup/startup_stm32f401rctx.o
START GROUP
LOAD F:/STM32CubeIDE_1.13.2/STM32CubeIDE/plugins/com.st.stm32cube.ide.mcu.externaltools.gnu-tools-for-stm32.11.3.rel1.win32_1.1.1.202309131626/tools/bin/../lib/gcc/arm-none-eabi/11.3.1/../../../../arm-none-eabi/lib/thumb/v7e-m+fp/hard\libc_nano.a
LOAD F:/STM32CubeIDE_1.13.2/STM32CubeIDE/plugins/com.st.stm32cube.ide.mcu.externaltools.gnu-tools-for-stm32.11.3.rel1.win32_1.1.1.202309131626/tools/bin/../lib/gcc/arm-none-eabi/11.3.1/../../../../arm-none-eabi/lib/thumb/v7e-m+fp/hard\libm.a
END GROUP
START GROUP
LOAD F:/STM32CubeIDE_1.13.2/STM32CubeIDE/plugins/com.st.stm32cube.ide.mcu.externaltools.gnu-tools-for-stm32.11.3.rel1.win32_1.1.1.202309131626/tools/bin/../lib/gcc/arm-none-eabi/11.3.1/thumb/v7e-m+fp/hard\libgcc.a
LOAD F:/STM32CubeIDE_1.13.2/STM32CubeIDE/plugins/com.st.stm32cube.ide.mcu.externaltools.gnu-tools-for-stm32.11.3.rel1.win32_1.1.1.202309131626/tools/bin/../lib/gcc/arm-none-eabi/11.3.1/../../../../arm-none-eabi/lib/thumb/v7e-m+fp/hard\libc_nano.a
END GROUP
START GROUP
LOAD F:/STM32CubeIDE_1.13.2/STM32CubeIDE/plugins/com.st.stm32cube.ide.mcu.externaltools.gnu-tools-for-stm32.11.3.rel1.win32_1.1.1.202309131626/tools/bin/../lib/gcc/arm-none-eabi/11.3.1/thumb/v7e-m+fp/hard\libgcc.a
LOAD F:/STM32CubeIDE_1.13.2/STM32CubeIDE/plugins/com.st.stm32cube.ide.mcu.externaltools.gnu-tools-for-stm32.11.3.rel1.win32_1.1.1.202309131626/tools/bin/../lib/gcc/arm-none-eabi/11.3.1/../../../../arm-none-eabi/lib/thumb/v7e-m+fp/hard\libc_nano.a
LOAD F:/STM32CubeIDE_1.13.2/STM32CubeIDE/plugins/com.st.stm32cube.ide.mcu.externaltools.gnu-tools-for-stm32.11.3.rel1.win32_1.1.1.202309131626/tools/bin/../lib/gcc/arm-none-eabi/11.3.1/../../../../arm-none-eabi/lib/thumb/v7e-m+fp/hard\libnosys.a
END GROUP
START GROUP
LOAD F:/STM32CubeIDE_1.13.2/STM32CubeIDE/plugins/com.st.stm32cube.ide.mcu.externaltools.gnu-tools-for-stm32.11.3.rel1.win32_1.1.1.202309131626/tools/bin/../lib/gcc/arm-none-eabi/11.3.1/thumb/v7e-m+fp/hard\libgcc.a
LOAD F:/STM32CubeIDE_1.13.2/STM32CubeIDE/plugins/com.st.stm32cube.ide.mcu.externaltools.gnu-tools-for-stm32.11.3.rel1.win32_1.1.1.202309131626/tools/bin/../lib/gcc/arm-none-eabi/11.3.1/../../../../arm-none-eabi/lib/thumb/v7e-m+fp/hard\libc_nano.a
LOAD F:/STM32CubeIDE_1.13.2/STM32CubeIDE/plugins/com.st.stm32cube.ide.mcu.externaltools.gnu-tools-for-stm32.11.3.rel1.win32_1.1.1.202309131626/tools/bin/../lib/gcc/arm-none-eabi/11.3.1/../../../../arm-none-eabi/lib/thumb/v7e-m+fp/hard\libnosys.a
END GROUP
LOAD F:/STM32CubeIDE_1.13.2/STM32CubeIDE/plugins/com.st.stm32cube.ide.mcu.externaltools.gnu-tools-for-stm32.11.3.rel1.win32_1.1.1.202309131626/tools/bin/../lib/gcc/arm-none-eabi/11.3.1/thumb/v7e-m+fp/hard/crtend.o
LOAD F:/STM32CubeIDE_1.13.2/STM32CubeIDE/plugins/com.st.stm32cube.ide.mcu.externaltools.gnu-tools-for-stm32.11.3.rel1.win32_1.1.1.202309131626/tools/bin/../lib/gcc/arm-none-eabi/11.3.1/thumb/v7e-m+fp/hard/crtn.o
                0x0000000020010000                _estack = (ORIGIN (RAM) + LENGTH (RAM))
                0x0000000000000200                _Min_Heap_Size = 0x200
                0x0000000000000400                _Min_Stack_Size = 0x400

.isr_vector     0x0000000008000000      0x194
                0x0000000008000000                . = ALIGN (0x4)
 *(.isr_vector)
 .isr_vector    0x0000000008000000      0x194 ./Startup/startup_stm32f401rctx.o
                0x0000000008000000                g_pfnVectors
                0x0000000008000194                . = ALIGN (0x4)

.text           0x0000000008000194     0x1414
                0x0000000008000194                . = ALIGN (0x4)
 *(.text)
 .text          0x0000000008000194       0x40 F:/STM32CubeIDE_1.13.2/STM32CubeIDE/plugins/com.st.stm32cube.ide.mcu.externaltools.gnu-tools-for-stm32.11.3.rel1.win32_1.1.1.202309131626/tools/bin/../lib/gcc/arm-none-eabi/11.3.1/thumb/v7e-m+fp/hard/crtbegin.o
 *(.text*)
 .text.BL_voidJumpToAPP_1
                0x00000000080001d4       0x30 ./Src/APP/BootLoader/BootLoader_program.o
                0x00000000080001d4                BL_voidJumpToAPP_1
 .text.BL_voidJumpToAPP_2
                0x0000000008000204       0x30 ./Src/APP/BootLoader/BootLoader_program.o
                0x0000000008000204                BL_voidJumpToAPP_2
 .text.HexParser_u8Ascii2Hex
                0x0000000008000234       0x42 ./Src/APP/HexParser/HexParser_program.o
 *fill*         0x0000000008000276        0x2 
 .text.HexParser_vParseRecord
                0x0000000008000278       0xa4 ./Src/APP/HexParser/HexParser_program.o
                0x0000000008000278                HexParser_vParseRecord
 .text.HexParser_voidParseData
                0x000000000800031c      0x190 ./Src/APP/HexParser/HexParser_program.o
                0x000000000800031c                HexParser_voidParseData
 .text.HexParser_CheckSumOfData
                0x00000000080004ac       0xf2 ./Src/APP/HexParser/HexParser_program.o
                0x00000000080004ac                HexParser_CheckSumOfData
 .text.LED_Init
                0x000000000800059e       0x24 ./Src/HAL/LED/LED_program.o
                0x000000000800059e                LED_Init
 .text.LED_On   0x00000000080005c2       0x24 ./Src/HAL/LED/LED_program.o
                0x00000000080005c2                LED_On
 .text.LED_Off  0x00000000080005e6       0x24 ./Src/HAL/LED/LED_program.o
                0x00000000080005e6                LED_Off
 *fill*         0x000000000800060a        0x2 
 .text.EXTI0_IRQHandler
                0x000000000800060c       0x24 ./Src/MCAL/MEXTI/MEXTI_program.o
                0x000000000800060c                EXTI0_IRQHandler
 .text.EXTI1_IRQHandler
                0x0000000008000630       0x24 ./Src/MCAL/MEXTI/MEXTI_program.o
                0x0000000008000630                EXTI1_IRQHandler
 .text.EXTI2_IRQHandler
                0x0000000008000654       0x24 ./Src/MCAL/MEXTI/MEXTI_program.o
                0x0000000008000654                EXTI2_IRQHandler
 .text.EXTI3_IRQHandler
                0x0000000008000678       0x24 ./Src/MCAL/MEXTI/MEXTI_program.o
                0x0000000008000678                EXTI3_IRQHandler
 .text.EXTI4_IRQHandler
                0x000000000800069c       0x24 ./Src/MCAL/MEXTI/MEXTI_program.o
                0x000000000800069c                EXTI4_IRQHandler
 .text.MFMI_voidSectorErase
                0x00000000080006c0       0xa8 ./Src/MCAL/MFMI/MFMI_program.o
                0x00000000080006c0                MFMI_voidSectorErase
 .text.MFMI_voidFlashWrite
                0x0000000008000768       0xc4 ./Src/MCAL/MFMI/MFMI_program.o
                0x0000000008000768                MFMI_voidFlashWrite
 .text.MGPIO_voidSetPinMode
                0x000000000800082c       0xf0 ./Src/MCAL/MGPIO/MGPIO_program.o
                0x000000000800082c                MGPIO_voidSetPinMode
 .text.MGPIO_voidWriteData
                0x000000000800091c      0x1a4 ./Src/MCAL/MGPIO/MGPIO_program.o
                0x000000000800091c                MGPIO_voidWriteData
 .text.MGPIO_voidSetPinAltFn
                0x0000000008000ac0      0x1c8 ./Src/MCAL/MGPIO/MGPIO_program.o
                0x0000000008000ac0                MGPIO_voidSetPinAltFn
 .text.MRCC_voidEnablePeripheralClock
                0x0000000008000c88       0xa4 ./Src/MCAL/MRCC/MRCC_program.o
                0x0000000008000c88                MRCC_voidEnablePeripheralClock
 .text.MRCC_voidDisablePeripheralClock
                0x0000000008000d2c       0xac ./Src/MCAL/MRCC/MRCC_program.o
                0x0000000008000d2c                MRCC_voidDisablePeripheralClock
 .text.MRCC_voidInitSystemClk
                0x0000000008000dd8       0x38 ./Src/MCAL/MRCC/MRCC_program.o
                0x0000000008000dd8                MRCC_voidInitSystemClk
 .text.MSTK_voidInit
                0x0000000008000e10       0x20 ./Src/MCAL/MSTK/MSYSTICK_Program.o
                0x0000000008000e10                MSTK_voidInit
 .text.MSTK_voidStopInterval
                0x0000000008000e30       0x2c ./Src/MCAL/MSTK/MSYSTICK_Program.o
                0x0000000008000e30                MSTK_voidStopInterval
 .text.MSTK_voidReSetInterval
                0x0000000008000e5c       0x64 ./Src/MCAL/MSTK/MSYSTICK_Program.o
                0x0000000008000e5c                MSTK_voidReSetInterval
 .text.MSTK_voidSetIntervalSingle
                0x0000000008000ec0       0x4c ./Src/MCAL/MSTK/MSYSTICK_Program.o
                0x0000000008000ec0                MSTK_voidSetIntervalSingle
 .text.SysTick_Handler
                0x0000000008000f0c       0x68 ./Src/MCAL/MSTK/MSYSTICK_Program.o
                0x0000000008000f0c                SysTick_Handler
 .text.MUSART_voidInit
                0x0000000008000f74       0x7c ./Src/MCAL/MUSART/MUSART_Program.o
                0x0000000008000f74                MUSART_voidInit
 .text.MUSART_voidEnable
                0x0000000008000ff0       0x5c ./Src/MCAL/MUSART/MUSART_Program.o
                0x0000000008000ff0                MUSART_voidEnable
 .text.MUSART_voidDisable
                0x000000000800104c       0x5c ./Src/MCAL/MUSART/MUSART_Program.o
                0x000000000800104c                MUSART_voidDisable
 .text.MUSART_u8Send_Byte
                0x00000000080010a8       0x46 ./Src/MCAL/MUSART/MUSART_Program.o
                0x00000000080010a8                MUSART_u8Send_Byte
 .text.MUSART_u8Receive_Byte
                0x00000000080010ee       0x42 ./Src/MCAL/MUSART/MUSART_Program.o
                0x00000000080010ee                MUSART_u8Receive_Byte
 .text.MUSART_SetUSART
                0x0000000008001130       0x50 ./Src/MCAL/MUSART/MUSART_Program.o
 .text.USART1_IRQHandler
                0x0000000008001180       0x1c ./Src/MCAL/MUSART/MUSART_Program.o
                0x0000000008001180                USART1_IRQHandler
 .text.USART2_IRQHandler
                0x000000000800119c       0x1c ./Src/MCAL/MUSART/MUSART_Program.o
                0x000000000800119c                USART2_IRQHandler
 .text.USART6_IRQHandler
                0x00000000080011b8       0x1c ./Src/MCAL/MUSART/MUSART_Program.o
                0x00000000080011b8                USART6_IRQHandler
 .text.main     0x00000000080011d4      0x244 ./Src/main.o
                0x00000000080011d4                main
 .text.Func_CallBack
                0x0000000008001418       0x78 ./Src/main.o
                0x0000000008001418                Func_CallBack
 .text.Jumper   0x0000000008001490       0x3c ./Src/main.o
                0x0000000008001490                Jumper
 .text.Disables
                0x00000000080014cc       0x28 ./Src/main.o
                0x00000000080014cc                Disables
 .text.Reset_Handler
                0x00000000080014f4       0x50 ./Startup/startup_stm32f401rctx.o
                0x00000000080014f4                Reset_Handler
 .text.Default_Handler
                0x0000000008001544        0x2 ./Startup/startup_stm32f401rctx.o
                0x0000000008001544                DebugMon_Handler
                0x0000000008001544                SPI4_IRQHandler
                0x0000000008001544                TIM1_CC_IRQHandler
                0x0000000008001544                DMA2_Stream5_IRQHandler
                0x0000000008001544                HardFault_Handler
                0x0000000008001544                DMA1_Stream5_IRQHandler
                0x0000000008001544                SDIO_IRQHandler
                0x0000000008001544                TAMP_STAMP_IRQHandler
                0x0000000008001544                PendSV_Handler
                0x0000000008001544                NMI_Handler
                0x0000000008001544                TIM1_UP_TIM10_IRQHandler
                0x0000000008001544                I2C3_ER_IRQHandler
                0x0000000008001544                EXTI18_OTG_FS_WKUP_IRQHandler
                0x0000000008001544                I2C2_EV_IRQHandler
                0x0000000008001544                DMA1_Stream2_IRQHandler
                0x0000000008001544                UsageFault_Handler
                0x0000000008001544                DMA2_Stream2_IRQHandler
                0x0000000008001544                SPI1_IRQHandler
                0x0000000008001544                TIM1_BRK_TIM9_IRQHandler
                0x0000000008001544                DMA2_Stream3_IRQHandler
                0x0000000008001544                DMA2_Stream0_IRQHandler
                0x0000000008001544                TIM4_IRQHandler
                0x0000000008001544                I2C1_EV_IRQHandler
                0x0000000008001544                DMA1_Stream6_IRQHandler
                0x0000000008001544                DMA1_Stream1_IRQHandler
                0x0000000008001544                TIM3_IRQHandler
                0x0000000008001544                RCC_IRQHandler
                0x0000000008001544                Default_Handler
                0x0000000008001544                EXTI15_10_IRQHandler
                0x0000000008001544                ADC_IRQHandler
                0x0000000008001544                DMA1_Stream7_IRQHandler
                0x0000000008001544                TIM5_IRQHandler
                0x0000000008001544                DMA2_Stream7_IRQHandler
                0x0000000008001544                I2C3_EV_IRQHandler
                0x0000000008001544                EXTI9_5_IRQHandler
                0x0000000008001544                SPI2_IRQHandler
                0x0000000008001544                MemManage_Handler
                0x0000000008001544                DMA1_Stream0_IRQHandler
                0x0000000008001544                SVC_Handler
                0x0000000008001544                EXTI22_RTC_WKUP_IRQHandler
                0x0000000008001544                TIM2_IRQHandler
                0x0000000008001544                EXTI16_PVD_IRQHandler
                0x0000000008001544                TIM1_TRG_COM_TIM11_IRQHandler
                0x0000000008001544                EXTI17_RTC_Alarm_IRQHandler
                0x0000000008001544                I2C2_ER_IRQHandler
                0x0000000008001544                DMA2_Stream1_IRQHandler
                0x0000000008001544                FLASH_IRQHandler
                0x0000000008001544                DMA2_Stream4_IRQHandler
                0x0000000008001544                BusFault_Handler
                0x0000000008001544                OTG_FS_IRQHandler
                0x0000000008001544                SPI3_IRQHandler
                0x0000000008001544                DMA1_Stream4_IRQHandler
                0x0000000008001544                I2C1_ER_IRQHandler
                0x0000000008001544                DMA2_Stream6_IRQHandler
                0x0000000008001544                DMA1_Stream3_IRQHandler
 *fill*         0x0000000008001546        0x2 
 .text.__libc_init_array
                0x0000000008001548       0x48 F:/STM32CubeIDE_1.13.2/STM32CubeIDE/plugins/com.st.stm32cube.ide.mcu.externaltools.gnu-tools-for-stm32.11.3.rel1.win32_1.1.1.202309131626/tools/bin/../lib/gcc/arm-none-eabi/11.3.1/../../../../arm-none-eabi/lib/thumb/v7e-m+fp/hard\libc_nano.a(libc_a-init.o)
                0x0000000008001548                __libc_init_array
 *(.glue_7)
 .glue_7        0x0000000008001590        0x0 linker stubs
 *(.glue_7t)
 .glue_7t       0x0000000008001590        0x0 linker stubs
 *(.eh_frame)
 .eh_frame      0x0000000008001590        0x0 F:/STM32CubeIDE_1.13.2/STM32CubeIDE/plugins/com.st.stm32cube.ide.mcu.externaltools.gnu-tools-for-stm32.11.3.rel1.win32_1.1.1.202309131626/tools/bin/../lib/gcc/arm-none-eabi/11.3.1/thumb/v7e-m+fp/hard/crtbegin.o
 *(.init)
 .init          0x0000000008001590        0x4 F:/STM32CubeIDE_1.13.2/STM32CubeIDE/plugins/com.st.stm32cube.ide.mcu.externaltools.gnu-tools-for-stm32.11.3.rel1.win32_1.1.1.202309131626/tools/bin/../lib/gcc/arm-none-eabi/11.3.1/thumb/v7e-m+fp/hard/crti.o
                0x0000000008001590                _init
 .init          0x0000000008001594        0x8 F:/STM32CubeIDE_1.13.2/STM32CubeIDE/plugins/com.st.stm32cube.ide.mcu.externaltools.gnu-tools-for-stm32.11.3.rel1.win32_1.1.1.202309131626/tools/bin/../lib/gcc/arm-none-eabi/11.3.1/thumb/v7e-m+fp/hard/crtn.o
 *(.fini)
 .fini          0x000000000800159c        0x4 F:/STM32CubeIDE_1.13.2/STM32CubeIDE/plugins/com.st.stm32cube.ide.mcu.externaltools.gnu-tools-for-stm32.11.3.rel1.win32_1.1.1.202309131626/tools/bin/../lib/gcc/arm-none-eabi/11.3.1/thumb/v7e-m+fp/hard/crti.o
                0x000000000800159c                _fini
 .fini          0x00000000080015a0        0x8 F:/STM32CubeIDE_1.13.2/STM32CubeIDE/plugins/com.st.stm32cube.ide.mcu.externaltools.gnu-tools-for-stm32.11.3.rel1.win32_1.1.1.202309131626/tools/bin/../lib/gcc/arm-none-eabi/11.3.1/thumb/v7e-m+fp/hard/crtn.o
                0x00000000080015a8                . = ALIGN (0x4)
                0x00000000080015a8                _etext = .

.vfp11_veneer   0x00000000080015a8        0x0
 .vfp11_veneer  0x00000000080015a8        0x0 linker stubs

.v4_bx          0x00000000080015a8        0x0
 .v4_bx         0x00000000080015a8        0x0 linker stubs

.iplt           0x00000000080015a8        0x0
 .iplt          0x00000000080015a8        0x0 F:/STM32CubeIDE_1.13.2/STM32CubeIDE/plugins/com.st.stm32cube.ide.mcu.externaltools.gnu-tools-for-stm32.11.3.rel1.win32_1.1.1.202309131626/tools/bin/../lib/gcc/arm-none-eabi/11.3.1/thumb/v7e-m+fp/hard/crtbegin.o

.rodata         0x00000000080015a8        0x8
                0x00000000080015a8                . = ALIGN (0x4)
 *(.rodata)
 *(.rodata*)
 .rodata.Led_1  0x00000000080015a8        0x8 ./Src/main.o
                0x00000000080015b0                . = ALIGN (0x4)

.rel.dyn        0x00000000080015b0        0x0
 .rel.iplt      0x00000000080015b0        0x0 F:/STM32CubeIDE_1.13.2/STM32CubeIDE/plugins/com.st.stm32cube.ide.mcu.externaltools.gnu-tools-for-stm32.11.3.rel1.win32_1.1.1.202309131626/tools/bin/../lib/gcc/arm-none-eabi/11.3.1/thumb/v7e-m+fp/hard/crtbegin.o

.ARM.extab      0x00000000080015b0        0x0
                0x00000000080015b0                . = ALIGN (0x4)
 *(.ARM.extab* .gnu.linkonce.armextab.*)
                0x00000000080015b0                . = ALIGN (0x4)

.ARM            0x00000000080015b0        0x0
                0x00000000080015b0                . = ALIGN (0x4)
                0x00000000080015b0                __exidx_start = .
 *(.ARM.exidx*)
                0x00000000080015b0                __exidx_end = .
                0x00000000080015b0                . = ALIGN (0x4)

.preinit_array  0x00000000080015b0        0x0
                0x00000000080015b0                . = ALIGN (0x4)
                0x00000000080015b0                PROVIDE (__preinit_array_start = .)
 *(.preinit_array*)
                0x00000000080015b0                PROVIDE (__preinit_array_end = .)
                0x00000000080015b0                . = ALIGN (0x4)

.init_array     0x00000000080015b0        0x4
                0x00000000080015b0                . = ALIGN (0x4)
                0x00000000080015b0                PROVIDE (__init_array_start = .)
 *(SORT_BY_NAME(.init_array.*))
 *(.init_array*)
 .init_array    0x00000000080015b0        0x4 F:/STM32CubeIDE_1.13.2/STM32CubeIDE/plugins/com.st.stm32cube.ide.mcu.externaltools.gnu-tools-for-stm32.11.3.rel1.win32_1.1.1.202309131626/tools/bin/../lib/gcc/arm-none-eabi/11.3.1/thumb/v7e-m+fp/hard/crtbegin.o
                0x00000000080015b4                PROVIDE (__init_array_end = .)
                0x00000000080015b4                . = ALIGN (0x4)

.fini_array     0x00000000080015b4        0x4
                0x00000000080015b4                . = ALIGN (0x4)
                [!provide]                        PROVIDE (__fini_array_start = .)
 *(SORT_BY_NAME(.fini_array.*))
 *(.fini_array*)
 .fini_array    0x00000000080015b4        0x4 F:/STM32CubeIDE_1.13.2/STM32CubeIDE/plugins/com.st.stm32cube.ide.mcu.externaltools.gnu-tools-for-stm32.11.3.rel1.win32_1.1.1.202309131626/tools/bin/../lib/gcc/arm-none-eabi/11.3.1/thumb/v7e-m+fp/hard/crtbegin.o
                [!provide]                        PROVIDE (__fini_array_end = .)
                0x00000000080015b8                . = ALIGN (0x4)
                0x00000000080015b8                _sidata = LOADADDR (.data)

.data           0x0000000020000000        0x8 load address 0x00000000080015b8
                0x0000000020000000                . = ALIGN (0x4)
                0x0000000020000000                _sdata = .
 *(.data)
 *(.data*)
 .data.APP_1    0x0000000020000000        0x2 ./Src/main.o
                0x0000000020000000                APP_1
 .data.APP_2    0x0000000020000002        0x2 ./Src/main.o
                0x0000000020000002                APP_2
 .data.u8BLWriteReq
                0x0000000020000004        0x1 ./Src/main.o
                0x0000000020000004                u8BLWriteReq
 .data.CS       0x0000000020000005        0x1 ./Src/main.o
                0x0000000020000005                CS
 *(.RamFunc)
 *(.RamFunc*)
                0x0000000020000008                . = ALIGN (0x4)
 *fill*         0x0000000020000006        0x2 
                0x0000000020000008                _edata = .

.igot.plt       0x0000000020000008        0x0 load address 0x00000000080015c0
 .igot.plt      0x0000000020000008        0x0 F:/STM32CubeIDE_1.13.2/STM32CubeIDE/plugins/com.st.stm32cube.ide.mcu.externaltools.gnu-tools-for-stm32.11.3.rel1.win32_1.1.1.202309131626/tools/bin/../lib/gcc/arm-none-eabi/11.3.1/thumb/v7e-m+fp/hard/crtbegin.o
                0x0000000020000008                . = ALIGN (0x4)

.bss            0x0000000020000008      0x180 load address 0x00000000080015c0
                0x0000000020000008                _sbss = .
                0x0000000020000008                __bss_start__ = _sbss
 *(.bss)
 .bss           0x0000000020000008       0x1c F:/STM32CubeIDE_1.13.2/STM32CubeIDE/plugins/com.st.stm32cube.ide.mcu.externaltools.gnu-tools-for-stm32.11.3.rel1.win32_1.1.1.202309131626/tools/bin/../lib/gcc/arm-none-eabi/11.3.1/thumb/v7e-m+fp/hard/crtbegin.o
 *(.bss*)
 .bss.FLASH_BASE_ADDR
                0x0000000020000024        0x4 ./Src/APP/HexParser/HexParser_program.o
                0x0000000020000024                FLASH_BASE_ADDR
 .bss.DataBuffer
                0x0000000020000028       0xc8 ./Src/APP/HexParser/HexParser_program.o
                0x0000000020000028                DataBuffer
 .bss.D_5_Flag_lastLine
                0x00000000200000f0        0x1 ./Src/APP/HexParser/HexParser_program.o
                0x00000000200000f0                D_5_Flag_lastLine
 *fill*         0x00000000200000f1        0x3 
 .bss.EXTI0_CallBack
                0x00000000200000f4        0x4 ./Src/MCAL/MEXTI/MEXTI_program.o
 .bss.EXTI1_CallBack
                0x00000000200000f8        0x4 ./Src/MCAL/MEXTI/MEXTI_program.o
 .bss.EXTI2_CallBack
                0x00000000200000fc        0x4 ./Src/MCAL/MEXTI/MEXTI_program.o
 .bss.EXTI3_CallBack
                0x0000000020000100        0x4 ./Src/MCAL/MEXTI/MEXTI_program.o
 .bss.EXTI4_CallBack
                0x0000000020000104        0x4 ./Src/MCAL/MEXTI/MEXTI_program.o
 .bss.MSTK_CallBack
                0x0000000020000108        0x4 ./Src/MCAL/MSTK/MSYSTICK_Program.o
 .bss.MSTK_u8ModeOfInterval
                0x000000002000010c        0x1 ./Src/MCAL/MSTK/MSYSTICK_Program.o
 *fill*         0x000000002000010d        0x3 
 .bss.USART_USART1Function
                0x0000000020000110        0x4 ./Src/MCAL/MUSART/MUSART_Program.o
                0x0000000020000110                USART_USART1Function
 .bss.USART_USART2Function
                0x0000000020000114        0x4 ./Src/MCAL/MUSART/MUSART_Program.o
                0x0000000020000114                USART_USART2Function
 .bss.USART_USART6Function
                0x0000000020000118        0x4 ./Src/MCAL/MUSART/MUSART_Program.o
                0x0000000020000118                USART_USART6Function
 .bss.CurrantAPP
                0x000000002000011c        0x1 ./Src/main.o
                0x000000002000011c                CurrantAPP
 .bss.UpdateAPP
                0x000000002000011d        0x1 ./Src/main.o
                0x000000002000011d                UpdateAPP
 *fill*         0x000000002000011e        0x2 
 .bss.u8RecBuffer
                0x0000000020000120       0x64 ./Src/main.o
                0x0000000020000120                u8RecBuffer
 .bss.u8RecCounter
                0x0000000020000184        0x1 ./Src/main.o
                0x0000000020000184                u8RecCounter
 .bss.TimeOutFlag
                0x0000000020000185        0x1 ./Src/main.o
                0x0000000020000185                TimeOutFlag
 .bss.Error_counter
                0x0000000020000186        0x1 ./Src/main.o
                0x0000000020000186                Error_counter
 *(COMMON)
                0x0000000020000188                . = ALIGN (0x4)
 *fill*         0x0000000020000187        0x1 
                0x0000000020000188                _ebss = .
                0x0000000020000188                __bss_end__ = _ebss

._user_heap_stack
                0x0000000020000188      0x600 load address 0x00000000080015c0
                0x0000000020000188                . = ALIGN (0x8)
                [!provide]                        PROVIDE (end = .)
                0x0000000020000188                PROVIDE (_end = .)
                0x0000000020000388                . = (. + _Min_Heap_Size)
 *fill*         0x0000000020000188      0x200 
                0x0000000020000788                . = (. + _Min_Stack_Size)
 *fill*         0x0000000020000388      0x400 
                0x0000000020000788                . = ALIGN (0x8)

/DISCARD/
 libc.a(*)
 libm.a(*)
 libgcc.a(*)

.ARM.attributes
                0x0000000000000000       0x30
 *(.ARM.attributes)
 .ARM.attributes
                0x0000000000000000       0x1e F:/STM32CubeIDE_1.13.2/STM32CubeIDE/plugins/com.st.stm32cube.ide.mcu.externaltools.gnu-tools-for-stm32.11.3.rel1.win32_1.1.1.202309131626/tools/bin/../lib/gcc/arm-none-eabi/11.3.1/thumb/v7e-m+fp/hard/crti.o
 .ARM.attributes
                0x000000000000001e       0x34 F:/STM32CubeIDE_1.13.2/STM32CubeIDE/plugins/com.st.stm32cube.ide.mcu.externaltools.gnu-tools-for-stm32.11.3.rel1.win32_1.1.1.202309131626/tools/bin/../lib/gcc/arm-none-eabi/11.3.1/thumb/v7e-m+fp/hard/crtbegin.o
 .ARM.attributes
                0x0000000000000052       0x34 ./Src/APP/BootLoader/BootLoader_program.o
 .ARM.attributes
                0x0000000000000086       0x34 ./Src/APP/HexParser/HexParser_program.o
 .ARM.attributes
                0x00000000000000ba       0x34 ./Src/HAL/LED/LED_program.o
 .ARM.attributes
                0x00000000000000ee       0x34 ./Src/MCAL/MEXTI/MEXTI_program.o
 .ARM.attributes
                0x0000000000000122       0x34 ./Src/MCAL/MFMI/MFMI_program.o
 .ARM.attributes
                0x0000000000000156       0x34 ./Src/MCAL/MGPIO/MGPIO_program.o
 .ARM.attributes
                0x000000000000018a       0x34 ./Src/MCAL/MRCC/MRCC_program.o
 .ARM.attributes
                0x00000000000001be       0x34 ./Src/MCAL/MSTK/MSYSTICK_Program.o
 .ARM.attributes
                0x00000000000001f2       0x34 ./Src/MCAL/MUSART/MUSART_Program.o
 .ARM.attributes
                0x0000000000000226       0x34 ./Src/main.o
 .ARM.attributes
                0x000000000000025a       0x21 ./Startup/startup_stm32f401rctx.o
 .ARM.attributes
                0x000000000000027b       0x34 F:/STM32CubeIDE_1.13.2/STM32CubeIDE/plugins/com.st.stm32cube.ide.mcu.externaltools.gnu-tools-for-stm32.11.3.rel1.win32_1.1.1.202309131626/tools/bin/../lib/gcc/arm-none-eabi/11.3.1/../../../../arm-none-eabi/lib/thumb/v7e-m+fp/hard\libc_nano.a(libc_a-init.o)
 .ARM.attributes
                0x00000000000002af       0x1e F:/STM32CubeIDE_1.13.2/STM32CubeIDE/plugins/com.st.stm32cube.ide.mcu.externaltools.gnu-tools-for-stm32.11.3.rel1.win32_1.1.1.202309131626/tools/bin/../lib/gcc/arm-none-eabi/11.3.1/thumb/v7e-m+fp/hard/crtn.o
OUTPUT(BOOTLOADER.elf elf32-littlearm)
LOAD linker stubs
LOAD F:/STM32CubeIDE_1.13.2/STM32CubeIDE/plugins/com.st.stm32cube.ide.mcu.externaltools.gnu-tools-for-stm32.11.3.rel1.win32_1.1.1.202309131626/tools/bin/../lib/gcc/arm-none-eabi/11.3.1/../../../../arm-none-eabi/lib/thumb/v7e-m+fp/hard\libc.a
LOAD F:/STM32CubeIDE_1.13.2/STM32CubeIDE/plugins/com.st.stm32cube.ide.mcu.externaltools.gnu-tools-for-stm32.11.3.rel1.win32_1.1.1.202309131626/tools/bin/../lib/gcc/arm-none-eabi/11.3.1/../../../../arm-none-eabi/lib/thumb/v7e-m+fp/hard\libm.a
LOAD F:/STM32CubeIDE_1.13.2/STM32CubeIDE/plugins/com.st.stm32cube.ide.mcu.externaltools.gnu-tools-for-stm32.11.3.rel1.win32_1.1.1.202309131626/tools/bin/../lib/gcc/arm-none-eabi/11.3.1/thumb/v7e-m+fp/hard\libgcc.a

.comment        0x0000000000000000       0x43
 .comment       0x0000000000000000       0x43 F:/STM32CubeIDE_1.13.2/STM32CubeIDE/plugins/com.st.stm32cube.ide.mcu.externaltools.gnu-tools-for-stm32.11.3.rel1.win32_1.1.1.202309131626/tools/bin/../lib/gcc/arm-none-eabi/11.3.1/thumb/v7e-m+fp/hard/crtbegin.o
                                         0x44 (size before relaxing)
 .comment       0x0000000000000043       0x44 ./Src/APP/BootLoader/BootLoader_program.o
 .comment       0x0000000000000043       0x44 ./Src/APP/HexParser/HexParser_program.o
 .comment       0x0000000000000043       0x44 ./Src/HAL/LED/LED_program.o
 .comment       0x0000000000000043       0x44 ./Src/MCAL/MEXTI/MEXTI_program.o
 .comment       0x0000000000000043       0x44 ./Src/MCAL/MFMI/MFMI_program.o
 .comment       0x0000000000000043       0x44 ./Src/MCAL/MGPIO/MGPIO_program.o
 .comment       0x0000000000000043       0x44 ./Src/MCAL/MRCC/MRCC_program.o
 .comment       0x0000000000000043       0x44 ./Src/MCAL/MSTK/MSYSTICK_Program.o
 .comment       0x0000000000000043       0x44 ./Src/MCAL/MUSART/MUSART_Program.o
 .comment       0x0000000000000043       0x44 ./Src/main.o

.debug_info     0x0000000000000000     0x1d0b
 .debug_info    0x0000000000000000       0xe6 ./Src/APP/BootLoader/BootLoader_program.o
 .debug_info    0x00000000000000e6      0x2c0 ./Src/APP/HexParser/HexParser_program.o
 .debug_info    0x00000000000003a6      0x1ef ./Src/HAL/LED/LED_program.o
 .debug_info    0x0000000000000595      0x3b0 ./Src/MCAL/MEXTI/MEXTI_program.o
 .debug_info    0x0000000000000945      0x17d ./Src/MCAL/MFMI/MFMI_program.o
 .debug_info    0x0000000000000ac2      0x36e ./Src/MCAL/MGPIO/MGPIO_program.o
 .debug_info    0x0000000000000e30      0x3a2 ./Src/MCAL/MRCC/MRCC_program.o
 .debug_info    0x00000000000011d2      0x28d ./Src/MCAL/MSTK/MSYSTICK_Program.o
 .debug_info    0x000000000000145f      0x483 ./Src/MCAL/MUSART/MUSART_Program.o
 .debug_info    0x00000000000018e2      0x406 ./Src/main.o
 .debug_info    0x0000000000001ce8       0x23 ./Startup/startup_stm32f401rctx.o

.debug_abbrev   0x0000000000000000      0xb40
 .debug_abbrev  0x0000000000000000       0x86 ./Src/APP/BootLoader/BootLoader_program.o
 .debug_abbrev  0x0000000000000086      0x11b ./Src/APP/HexParser/HexParser_program.o
 .debug_abbrev  0x00000000000001a1       0xf2 ./Src/HAL/LED/LED_program.o
 .debug_abbrev  0x0000000000000293      0x132 ./Src/MCAL/MEXTI/MEXTI_program.o
 .debug_abbrev  0x00000000000003c5       0xe7 ./Src/MCAL/MFMI/MFMI_program.o
 .debug_abbrev  0x00000000000004ac       0xf2 ./Src/MCAL/MGPIO/MGPIO_program.o
 .debug_abbrev  0x000000000000059e      0x110 ./Src/MCAL/MRCC/MRCC_program.o
 .debug_abbrev  0x00000000000006ae      0x13d ./Src/MCAL/MSTK/MSYSTICK_Program.o
 .debug_abbrev  0x00000000000007eb      0x1d1 ./Src/MCAL/MUSART/MUSART_Program.o
 .debug_abbrev  0x00000000000009bc      0x172 ./Src/main.o
 .debug_abbrev  0x0000000000000b2e       0x12 ./Startup/startup_stm32f401rctx.o

.debug_aranges  0x0000000000000000      0x370
 .debug_aranges
                0x0000000000000000       0x28 ./Src/APP/BootLoader/BootLoader_program.o
 .debug_aranges
                0x0000000000000028       0x38 ./Src/APP/HexParser/HexParser_program.o
 .debug_aranges
                0x0000000000000060       0x40 ./Src/HAL/LED/LED_program.o
 .debug_aranges
                0x00000000000000a0       0x90 ./Src/MCAL/MEXTI/MEXTI_program.o
 .debug_aranges
                0x0000000000000130       0x30 ./Src/MCAL/MFMI/MFMI_program.o
 .debug_aranges
                0x0000000000000160       0x68 ./Src/MCAL/MGPIO/MGPIO_program.o
 .debug_aranges
                0x00000000000001c8       0x48 ./Src/MCAL/MRCC/MRCC_program.o
 .debug_aranges
                0x0000000000000210       0x78 ./Src/MCAL/MSTK/MSYSTICK_Program.o
 .debug_aranges
                0x0000000000000288       0x88 ./Src/MCAL/MUSART/MUSART_Program.o
 .debug_aranges
                0x0000000000000310       0x38 ./Src/main.o
 .debug_aranges
                0x0000000000000348       0x28 ./Startup/startup_stm32f401rctx.o

.debug_rnglists
                0x0000000000000000      0x273
 .debug_rnglists
                0x0000000000000000       0x19 ./Src/APP/BootLoader/BootLoader_program.o
 .debug_rnglists
                0x0000000000000019       0x28 ./Src/APP/HexParser/HexParser_program.o
 .debug_rnglists
                0x0000000000000041       0x2b ./Src/HAL/LED/LED_program.o
 .debug_rnglists
                0x000000000000006c       0x69 ./Src/MCAL/MEXTI/MEXTI_program.o
 .debug_rnglists
                0x00000000000000d5       0x22 ./Src/MCAL/MFMI/MFMI_program.o
 .debug_rnglists
                0x00000000000000f7       0x53 ./Src/MCAL/MGPIO/MGPIO_program.o
 .debug_rnglists
                0x000000000000014a       0x34 ./Src/MCAL/MRCC/MRCC_program.o
 .debug_rnglists
                0x000000000000017e       0x55 ./Src/MCAL/MSTK/MSYSTICK_Program.o
 .debug_rnglists
                0x00000000000001d3       0x61 ./Src/MCAL/MUSART/MUSART_Program.o
 .debug_rnglists
                0x0000000000000234       0x26 ./Src/main.o
 .debug_rnglists
                0x000000000000025a       0x19 ./Startup/startup_stm32f401rctx.o

.debug_macro    0x0000000000000000     0x19ad
 .debug_macro   0x0000000000000000       0x51 ./Src/APP/BootLoader/BootLoader_program.o
 .debug_macro   0x0000000000000051      0xaae ./Src/APP/BootLoader/BootLoader_program.o
 .debug_macro   0x0000000000000aff       0x1c ./Src/APP/BootLoader/BootLoader_program.o
 .debug_macro   0x0000000000000b1b       0x46 ./Src/APP/BootLoader/BootLoader_program.o
 .debug_macro   0x0000000000000b61       0x34 ./Src/APP/BootLoader/BootLoader_program.o
 .debug_macro   0x0000000000000b95       0x40 ./Src/APP/BootLoader/BootLoader_program.o
 .debug_macro   0x0000000000000bd5       0x34 ./Src/APP/BootLoader/BootLoader_program.o
 .debug_macro   0x0000000000000c09       0x52 ./Src/APP/BootLoader/BootLoader_program.o
 .debug_macro   0x0000000000000c5b       0x61 ./Src/APP/HexParser/HexParser_program.o
 .debug_macro   0x0000000000000cbc       0x3a ./Src/APP/HexParser/HexParser_program.o
 .debug_macro   0x0000000000000cf6       0x94 ./Src/HAL/LED/LED_program.o
 .debug_macro   0x0000000000000d8a      0x1c0 ./Src/HAL/LED/LED_program.o
 .debug_macro   0x0000000000000f4a      0x142 ./Src/HAL/LED/LED_program.o
 .debug_macro   0x000000000000108c       0x9a ./Src/HAL/LED/LED_program.o
 .debug_macro   0x0000000000001126       0x1c ./Src/HAL/LED/LED_program.o
 .debug_macro   0x0000000000001142      0x177 ./Src/HAL/LED/LED_program.o
 .debug_macro   0x00000000000012b9       0x3f ./Src/MCAL/MEXTI/MEXTI_program.o
 .debug_macro   0x00000000000012f8       0x4c ./Src/MCAL/MEXTI/MEXTI_program.o
 .debug_macro   0x0000000000001344       0x88 ./Src/MCAL/MEXTI/MEXTI_program.o
 .debug_macro   0x00000000000013cc       0x3e ./Src/MCAL/MFMI/MFMI_program.o
 .debug_macro   0x000000000000140a       0x28 ./Src/MCAL/MFMI/MFMI_program.o
 .debug_macro   0x0000000000001432       0x22 ./Src/MCAL/MFMI/MFMI_program.o
 .debug_macro   0x0000000000001454       0x45 ./Src/MCAL/MGPIO/MGPIO_program.o
 .debug_macro   0x0000000000001499       0x44 ./Src/MCAL/MRCC/MRCC_program.o
 .debug_macro   0x00000000000014dd       0x3f ./Src/MCAL/MSTK/MSYSTICK_Program.o
 .debug_macro   0x000000000000151c       0x16 ./Src/MCAL/MSTK/MSYSTICK_Program.o
 .debug_macro   0x0000000000001532       0x34 ./Src/MCAL/MSTK/MSYSTICK_Program.o
 .debug_macro   0x0000000000001566       0x3e ./Src/MCAL/MUSART/MUSART_Program.o
 .debug_macro   0x00000000000015a4       0x34 ./Src/MCAL/MUSART/MUSART_Program.o
 .debug_macro   0x00000000000015d8       0x2e ./Src/MCAL/MUSART/MUSART_Program.o
 .debug_macro   0x0000000000001606      0x124 ./Src/MCAL/MUSART/MUSART_Program.o
 .debug_macro   0x000000000000172a       0xf3 ./Src/main.o
 .debug_macro   0x000000000000181d      0x190 ./Src/main.o

.debug_line     0x0000000000000000     0x2021
 .debug_line    0x0000000000000000      0x199 ./Src/APP/BootLoader/BootLoader_program.o
 .debug_line    0x0000000000000199      0x39e ./Src/APP/HexParser/HexParser_program.o
 .debug_line    0x0000000000000537      0x290 ./Src/HAL/LED/LED_program.o
 .debug_line    0x00000000000007c7      0x2ef ./Src/MCAL/MEXTI/MEXTI_program.o
 .debug_line    0x0000000000000ab6      0x1e0 ./Src/MCAL/MFMI/MFMI_program.o
 .debug_line    0x0000000000000c96      0x672 ./Src/MCAL/MGPIO/MGPIO_program.o
 .debug_line    0x0000000000001308      0x1ca ./Src/MCAL/MRCC/MRCC_program.o
 .debug_line    0x00000000000014d2      0x2a9 ./Src/MCAL/MSTK/MSYSTICK_Program.o
 .debug_line    0x000000000000177b      0x322 ./Src/MCAL/MUSART/MUSART_Program.o
 .debug_line    0x0000000000001a9d      0x509 ./Src/main.o
 .debug_line    0x0000000000001fa6       0x7b ./Startup/startup_stm32f401rctx.o

.debug_str      0x0000000000000000     0x6e1e
 .debug_str     0x0000000000000000     0x332b ./Src/APP/BootLoader/BootLoader_program.o
                                       0x33b5 (size before relaxing)
 .debug_str     0x000000000000332b      0x216 ./Src/APP/HexParser/HexParser_program.o
                                       0x351b (size before relaxing)
 .debug_str     0x0000000000003541     0x1dd7 ./Src/HAL/LED/LED_program.o
                                       0x4df0 (size before relaxing)
 .debug_str     0x0000000000005318      0x50a ./Src/MCAL/MEXTI/MEXTI_program.o
                                       0x3516 (size before relaxing)
 .debug_str     0x0000000000005822      0x17d ./Src/MCAL/MFMI/MFMI_program.o
                                       0x32a5 (size before relaxing)
 .debug_str     0x000000000000599f      0x195 ./Src/MCAL/MGPIO/MGPIO_program.o
                                       0x448c (size before relaxing)
 .debug_str     0x0000000000005b34      0x261 ./Src/MCAL/MRCC/MRCC_program.o
                                       0x3cdf (size before relaxing)
 .debug_str     0x0000000000005d95      0x2c3 ./Src/MCAL/MSTK/MSYSTICK_Program.o
                                       0x32cf (size before relaxing)
 .debug_str     0x0000000000006058      0x84c ./Src/MCAL/MUSART/MUSART_Program.o
                                       0x3862 (size before relaxing)
 .debug_str     0x00000000000068a4      0x54b ./Src/main.o
                                       0x58fb (size before relaxing)
 .debug_str     0x0000000000006def       0x2f ./Startup/startup_stm32f401rctx.o
                                         0x61 (size before relaxing)

.debug_frame    0x0000000000000000      0xb80
 .debug_frame   0x0000000000000000       0x58 ./Src/APP/BootLoader/BootLoader_program.o
 .debug_frame   0x0000000000000058       0xa8 ./Src/APP/HexParser/HexParser_program.o
 .debug_frame   0x0000000000000100       0xc4 ./Src/HAL/LED/LED_program.o
 .debug_frame   0x00000000000001c4      0x22c ./Src/MCAL/MEXTI/MEXTI_program.o
 .debug_frame   0x00000000000003f0       0x80 ./Src/MCAL/MFMI/MFMI_program.o
 .debug_frame   0x0000000000000470      0x1a0 ./Src/MCAL/MGPIO/MGPIO_program.o
 .debug_frame   0x0000000000000610       0xe8 ./Src/MCAL/MRCC/MRCC_program.o
 .debug_frame   0x00000000000006f8      0x1cc ./Src/MCAL/MSTK/MSYSTICK_Program.o
 .debug_frame   0x00000000000008c4      0x204 ./Src/MCAL/MUSART/MUSART_Program.o
 .debug_frame   0x0000000000000ac8       0x8c ./Src/main.o
 .debug_frame   0x0000000000000b54       0x2c F:/STM32CubeIDE_1.13.2/STM32CubeIDE/plugins/com.st.stm32cube.ide.mcu.externaltools.gnu-tools-for-stm32.11.3.rel1.win32_1.1.1.202309131626/tools/bin/../lib/gcc/arm-none-eabi/11.3.1/../../../../arm-none-eabi/lib/thumb/v7e-m+fp/hard\libc_nano.a(libc_a-init.o)

.debug_line_str
                0x0000000000000000       0x55
 .debug_line_str
                0x0000000000000000       0x55 ./Startup/startup_stm32f401rctx.o
                                         0x6d (size before relaxing)
